Archive member included to satisfy reference by file (symbol)

c:/st/stm32cubeide_1.6.1/stm32cubeide/plugins/com.st.stm32cube.ide.mcu.externaltools.gnu-tools-for-stm32.9-2020-q2-update.win32_2.0.0.202105311346/tools/bin/../lib/gcc/arm-none-eabi/9.3.1/../../../../arm-none-eabi/lib/thumb/v7e-m+fp/hard\libc_nano.a(lib_a-errno.o)
                              ./Core/Src/syscalls.o (__errno)
c:/st/stm32cubeide_1.6.1/stm32cubeide/plugins/com.st.stm32cube.ide.mcu.externaltools.gnu-tools-for-stm32.9-2020-q2-update.win32_2.0.0.202105311346/tools/bin/../lib/gcc/arm-none-eabi/9.3.1/../../../../arm-none-eabi/lib/thumb/v7e-m+fp/hard\libc_nano.a(lib_a-exit.o)
                              c:/st/stm32cubeide_1.6.1/stm32cubeide/plugins/com.st.stm32cube.ide.mcu.externaltools.gnu-tools-for-stm32.9-2020-q2-update.win32_2.0.0.202105311346/tools/bin/../lib/gcc/arm-none-eabi/9.3.1/../../../../arm-none-eabi/lib/thumb/v7e-m+fp/hard/crt0.o (exit)
c:/st/stm32cubeide_1.6.1/stm32cubeide/plugins/com.st.stm32cube.ide.mcu.externaltools.gnu-tools-for-stm32.9-2020-q2-update.win32_2.0.0.202105311346/tools/bin/../lib/gcc/arm-none-eabi/9.3.1/../../../../arm-none-eabi/lib/thumb/v7e-m+fp/hard\libc_nano.a(lib_a-impure.o)
                              c:/st/stm32cubeide_1.6.1/stm32cubeide/plugins/com.st.stm32cube.ide.mcu.externaltools.gnu-tools-for-stm32.9-2020-q2-update.win32_2.0.0.202105311346/tools/bin/../lib/gcc/arm-none-eabi/9.3.1/../../../../arm-none-eabi/lib/thumb/v7e-m+fp/hard\libc_nano.a(lib_a-exit.o) (_global_impure_ptr)
c:/st/stm32cubeide_1.6.1/stm32cubeide/plugins/com.st.stm32cube.ide.mcu.externaltools.gnu-tools-for-stm32.9-2020-q2-update.win32_2.0.0.202105311346/tools/bin/../lib/gcc/arm-none-eabi/9.3.1/../../../../arm-none-eabi/lib/thumb/v7e-m+fp/hard\libc_nano.a(lib_a-init.o)
                              c:/st/stm32cubeide_1.6.1/stm32cubeide/plugins/com.st.stm32cube.ide.mcu.externaltools.gnu-tools-for-stm32.9-2020-q2-update.win32_2.0.0.202105311346/tools/bin/../lib/gcc/arm-none-eabi/9.3.1/../../../../arm-none-eabi/lib/thumb/v7e-m+fp/hard/crt0.o (__libc_init_array)
c:/st/stm32cubeide_1.6.1/stm32cubeide/plugins/com.st.stm32cube.ide.mcu.externaltools.gnu-tools-for-stm32.9-2020-q2-update.win32_2.0.0.202105311346/tools/bin/../lib/gcc/arm-none-eabi/9.3.1/../../../../arm-none-eabi/lib/thumb/v7e-m+fp/hard\libc_nano.a(lib_a-memset.o)
                              c:/st/stm32cubeide_1.6.1/stm32cubeide/plugins/com.st.stm32cube.ide.mcu.externaltools.gnu-tools-for-stm32.9-2020-q2-update.win32_2.0.0.202105311346/tools/bin/../lib/gcc/arm-none-eabi/9.3.1/../../../../arm-none-eabi/lib/thumb/v7e-m+fp/hard/crt0.o (memset)
c:/st/stm32cubeide_1.6.1/stm32cubeide/plugins/com.st.stm32cube.ide.mcu.externaltools.gnu-tools-for-stm32.9-2020-q2-update.win32_2.0.0.202105311346/tools/bin/../lib/gcc/arm-none-eabi/9.3.1/thumb/v7e-m+fp/hard\libgcc.a(_arm_muldf3.o)
                              ./Core/Src/main.o (__aeabi_dmul)
c:/st/stm32cubeide_1.6.1/stm32cubeide/plugins/com.st.stm32cube.ide.mcu.externaltools.gnu-tools-for-stm32.9-2020-q2-update.win32_2.0.0.202105311346/tools/bin/../lib/gcc/arm-none-eabi/9.3.1/thumb/v7e-m+fp/hard\libgcc.a(_arm_addsubdf3.o)
                              ./COM_interpreter/Src/Servo_Interpreter.o (__aeabi_i2d)
c:/st/stm32cubeide_1.6.1/stm32cubeide/plugins/com.st.stm32cube.ide.mcu.externaltools.gnu-tools-for-stm32.9-2020-q2-update.win32_2.0.0.202105311346/tools/bin/../lib/gcc/arm-none-eabi/9.3.1/thumb/v7e-m+fp/hard\libgcc.a(_arm_muldivdf3.o)
                              ./COM_interpreter/Src/Servo_Interpreter.o (__aeabi_ddiv)
c:/st/stm32cubeide_1.6.1/stm32cubeide/plugins/com.st.stm32cube.ide.mcu.externaltools.gnu-tools-for-stm32.9-2020-q2-update.win32_2.0.0.202105311346/tools/bin/../lib/gcc/arm-none-eabi/9.3.1/thumb/v7e-m+fp/hard\libgcc.a(_arm_fixdfsi.o)
                              ./Core/Src/main.o (__aeabi_d2iz)
c:/st/stm32cubeide_1.6.1/stm32cubeide/plugins/com.st.stm32cube.ide.mcu.externaltools.gnu-tools-for-stm32.9-2020-q2-update.win32_2.0.0.202105311346/tools/bin/../lib/gcc/arm-none-eabi/9.3.1/thumb/v7e-m+fp/hard\libgcc.a(_aeabi_uldivmod.o)
                              ./Drivers/STM32F4xx_HAL_Driver/Src/stm32f4xx_hal_rcc.o (__aeabi_uldivmod)
c:/st/stm32cubeide_1.6.1/stm32cubeide/plugins/com.st.stm32cube.ide.mcu.externaltools.gnu-tools-for-stm32.9-2020-q2-update.win32_2.0.0.202105311346/tools/bin/../lib/gcc/arm-none-eabi/9.3.1/thumb/v7e-m+fp/hard\libgcc.a(_udivmoddi4.o)
                              c:/st/stm32cubeide_1.6.1/stm32cubeide/plugins/com.st.stm32cube.ide.mcu.externaltools.gnu-tools-for-stm32.9-2020-q2-update.win32_2.0.0.202105311346/tools/bin/../lib/gcc/arm-none-eabi/9.3.1/thumb/v7e-m+fp/hard\libgcc.a(_aeabi_uldivmod.o) (__udivmoddi4)
c:/st/stm32cubeide_1.6.1/stm32cubeide/plugins/com.st.stm32cube.ide.mcu.externaltools.gnu-tools-for-stm32.9-2020-q2-update.win32_2.0.0.202105311346/tools/bin/../lib/gcc/arm-none-eabi/9.3.1/thumb/v7e-m+fp/hard\libgcc.a(_dvmd_tls.o)
[...]
Memory Configuration

Name             Origin             Length             Attributes
CCMRAM           0x0000000010000000 0x0000000000010000 xrw
RAM              0x0000000020000000 0x0000000000020000 xrw
FLASH            0x0000000008000000 0x0000000000100000 xr
*default*        0x0000000000000000 0xffffffffffffffff

Linker script and memory map

LOAD c:/st/stm32cubeide_1.6.1/stm32cubeide/plugins/com.st.stm32cube.ide.mcu.externaltools.gnu-tools-for-stm32.9-2020-q2-update.win32_2.0.0.202105311346/tools/bin/../lib/gcc/arm-none-eabi/9.3.1/thumb/v7e-m+fp/hard/crti.o
LOAD c:/st/stm32cubeide_1.6.1/stm32cubeide/plugins/com.st.stm32cube.ide.mcu.externaltools.gnu-tools-for-stm32.9-2020-q2-update.win32_2.0.0.202105311346/tools/bin/../lib/gcc/arm-none-eabi/9.3.1/thumb/v7e-m+fp/hard/crtbegin.o
LOAD c:/st/stm32cubeide_1.6.1/stm32cubeide/plugins/com.st.stm32cube.ide.mcu.externaltools.gnu-tools-for-stm32.9-2020-q2-update.win32_2.0.0.202105311346/tools/bin/../lib/gcc/arm-none-eabi/9.3.1/../../../../arm-none-eabi/lib/thumb/v7e-m+fp/hard/crt0.o
LOAD ./COM_interpreter/Src/CH100_Interpreter.o
LOAD ./COM_interpreter/Src/JY901_Interpreter.o
LOAD ./COM_interpreter/Src/Servo_Interpreter.o
LOAD ./COM_interpreter/Src/raspi_Interpreter.o
LOAD ./Core/Src/main.o
LOAD ./Core/Src/stm32f4xx_hal_msp.o
LOAD ./Core/Src/stm32f4xx_it.o
LOAD ./Core/Src/syscalls.o
LOAD ./Core/Src/sysmem.o
LOAD ./Core/Src/system_stm32f4xx.o
LOAD ./Core/Startup/startup_stm32f405rgtx.o
LOAD ./Drivers/STM32F4xx_HAL_Driver/Src/stm32f4xx_hal.o
LOAD ./Drivers/STM32F4xx_HAL_Driver/Src/stm32f4xx_hal_cortex.o
LOAD ./Drivers/STM32F4xx_HAL_Driver/Src/stm32f4xx_hal_dma.o
LOAD ./Drivers/STM32F4xx_HAL_Driver/Src/stm32f4xx_hal_dma_ex.o
LOAD ./Drivers/STM32F4xx_HAL_Driver/Src/stm32f4xx_hal_exti.o
LOAD ./Drivers/STM32F4xx_HAL_Driver/Src/stm32f4xx_hal_flash.o
LOAD ./Drivers/STM32F4xx_HAL_Driver/Src/stm32f4xx_hal_flash_ex.o
LOAD ./Drivers/STM32F4xx_HAL_Driver/Src/stm32f4xx_hal_flash_ramfunc.o
LOAD ./Drivers/STM32F4xx_HAL_Driver/Src/stm32f4xx_hal_gpio.o
LOAD ./Drivers/STM32F4xx_HAL_Driver/Src/stm32f4xx_hal_pwr.o
LOAD ./Drivers/STM32F4xx_HAL_Driver/Src/stm32f4xx_hal_pwr_ex.o
LOAD ./Drivers/STM32F4xx_HAL_Driver/Src/stm32f4xx_hal_rcc.o
LOAD ./Drivers/STM32F4xx_HAL_Driver/Src/stm32f4xx_hal_rcc_ex.o
LOAD ./Drivers/STM32F4xx_HAL_Driver/Src/stm32f4xx_hal_spi.o
LOAD ./Drivers/STM32F4xx_HAL_Driver/Src/stm32f4xx_hal_tim.o
LOAD ./Drivers/STM32F4xx_HAL_Driver/Src/stm32f4xx_hal_tim_ex.o
LOAD ./Drivers/STM32F4xx_HAL_Driver/Src/stm32f4xx_hal_uart.o
START GROUP
LOAD c:/st/stm32cubeide_1.6.1/stm32cubeide/plugins/com.st.stm32cube.ide.mcu.externaltools.gnu-tools-for-stm32.9-2020-q2-update.win32_2.0.0.202105311346/tools/bin/../lib/gcc/arm-none-eabi/9.3.1/../../../../arm-none-eabi/lib/thumb/v7e-m+fp/hard\libc_nano.a
LOAD c:/st/stm32cubeide_1.6.1/stm32cubeide/plugins/com.st.stm32cube.ide.mcu.externaltools.gnu-tools-for-stm32.9-2020-q2-update.win32_2.0.0.202105311346/tools/bin/../lib/gcc/arm-none-eabi/9.3.1/../../../../arm-none-eabi/lib/thumb/v7e-m+fp/hard\libm.a
END GROUP
START GROUP
LOAD c:/st/stm32cubeide_1.6.1/stm32cubeide/plugins/com.st.stm32cube.ide.mcu.externaltools.gnu-tools-for-stm32.9-2020-q2-update.win32_2.0.0.202105311346/tools/bin/../lib/gcc/arm-none-eabi/9.3.1/thumb/v7e-m+fp/hard\libgcc.a
LOAD c:/st/stm32cubeide_1.6.1/stm32cubeide/plugins/com.st.stm32cube.ide.mcu.externaltools.gnu-tools-for-stm32.9-2020-q2-update.win32_2.0.0.202105311346/tools/bin/../lib/gcc/arm-none-eabi/9.3.1/../../../../arm-none-eabi/lib/thumb/v7e-m+fp/hard\libc_nano.a
END GROUP
START GROUP
LOAD c:/st/stm32cubeide_1.6.1/stm32cubeide/plugins/com.st.stm32cube.ide.mcu.externaltools.gnu-tools-for-stm32.9-2020-q2-update.win32_2.0.0.202105311346/tools/bin/../lib/gcc/arm-none-eabi/9.3.1/thumb/v7e-m+fp/hard\libgcc.a
LOAD c:/st/stm32cubeide_1.6.1/stm32cubeide/plugins/com.st.stm32cube.ide.mcu.externaltools.gnu-tools-for-stm32.9-2020-q2-update.win32_2.0.0.202105311346/tools/bin/../lib/gcc/arm-none-eabi/9.3.1/../../../../arm-none-eabi/lib/thumb/v7e-m+fp/hard\libc_nano.a
LOAD c:/st/stm32cubeide_1.6.1/stm32cubeide/plugins/com.st.stm32cube.ide.mcu.externaltools.gnu-tools-for-stm32.9-2020-q2-update.win32_2.0.0.202105311346/tools/bin/../lib/gcc/arm-none-eabi/9.3.1/../../../../arm-none-eabi/lib/thumb/v7e-m+fp/hard\libnosys.a
END GROUP
START GROUP
LOAD c:/st/stm32cubeide_1.6.1/stm32cubeide/plugins/com.st.stm32cube.ide.mcu.externaltools.gnu-tools-for-stm32.9-2020-q2-update.win32_2.0.0.202105311346/tools/bin/../lib/gcc/arm-none-eabi/9.3.1/thumb/v7e-m+fp/hard\libgcc.a
LOAD c:/st/stm32cubeide_1.6.1/stm32cubeide/plugins/com.st.stm32cube.ide.mcu.externaltools.gnu-tools-for-stm32.9-2020-q2-update.win32_2.0.0.202105311346/tools/bin/../lib/gcc/arm-none-eabi/9.3.1/../../../../arm-none-eabi/lib/thumb/v7e-m+fp/hard\libc_nano.a
LOAD c:/st/stm32cubeide_1.6.1/stm32cubeide/plugins/com.st.stm32cube.ide.mcu.externaltools.gnu-tools-for-stm32.9-2020-q2-update.win32_2.0.0.202105311346/tools/bin/../lib/gcc/arm-none-eabi/9.3.1/../../../../arm-none-eabi/lib/thumb/v7e-m+fp/hard\libnosys.a
END GROUP
LOAD c:/st/stm32cubeide_1.6.1/stm32cubeide/plugins/com.st.stm32cube.ide.mcu.externaltools.gnu-tools-for-stm32.9-2020-q2-update.win32_2.0.0.202105311346/tools/bin/../lib/gcc/arm-none-eabi/9.3.1/thumb/v7e-m+fp/hard/crtend.o
LOAD c:/st/stm32cubeide_1.6.1/stm32cubeide/plugins/com.st.stm32cube.ide.mcu.externaltools.gnu-tools-for-stm32.9-2020-q2-update.win32_2.0.0.202105311346/tools/bin/../lib/gcc/arm-none-eabi/9.3.1/thumb/v7e-m+fp/hard/crtn.o
                0x0000000020020000                _estack = (ORIGIN (RAM) + LENGTH (RAM))
                0x0000000000000200                _Min_Heap_Size = 0x200
                0x0000000000000400                _Min_Stack_Size = 0x400

.isr_vector     0x0000000008000000      0x188
                0x0000000008000000                . = ALIGN (0x4)
 *(.isr_vector)
 .isr_vector    0x0000000008000000      0x188 ./Core/Startup/startup_stm32f405rgtx.o
                0x0000000008000000                g_pfnVectors
                0x0000000008000188                . = ALIGN (0x4)

.text           0x0000000008000188     0x6380
                0x0000000008000188                . = ALIGN (0x4)
 *(.text)
 .text          0x0000000008000188       0x40 c:/st/stm32cubeide_1.6.1/stm32cubeide/plugins/com.st.stm32cube.ide.mcu.externaltools.gnu-tools-for-stm32.9-2020-q2-update.win32_2.0.0.202105311346/tools/bin/../lib/gcc/arm-none-eabi/9.3.1/thumb/v7e-m+fp/hard/crtbegin.o
 .text          0x00000000080001c8      0x378 c:/st/stm32cubeide_1.6.1/stm32cubeide/plugins/com.st.stm32cube.ide.mcu.externaltools.gnu-tools-for-stm32.9-2020-q2-update.win32_2.0.0.202105311346/tools/bin/../lib/gcc/arm-none-eabi/9.3.1/thumb/v7e-m+fp/hard\libgcc.a(_arm_addsubdf3.o)
                0x00000000080001c8                __aeabi_drsub
                0x00000000080001d0                __aeabi_dsub
                0x00000000080001d0                __subdf3
                0x00000000080001d4                __aeabi_dadd
                0x00000000080001d4                __adddf3
                0x000000000800044c                __floatunsidf
                0x000000000800044c                __aeabi_ui2d
                0x000000000800046c                __floatsidf
                0x000000000800046c                __aeabi_i2d
                0x0000000008000490                __aeabi_f2d
                0x0000000008000490                __extendsfdf2
                0x00000000080004d4                __floatundidf
                0x00000000080004d4                __aeabi_ul2d
                0x00000000080004e4                __floatdidf
                0x00000000080004e4                __aeabi_l2d
 .text          0x0000000008000540      0x424 c:/st/stm32cubeide_1.6.1/stm32cubeide/plugins/com.st.stm32cube.ide.mcu.externaltools.gnu-tools-for-stm32.9-2020-q2-update.win32_2.0.0.202105311346/tools/bin/../lib/gcc/arm-none-eabi/9.3.1/thumb/v7e-m+fp/hard\libgcc.a(_arm_muldivdf3.o)
                0x0000000008000540                __aeabi_dmul
                0x0000000008000540                __muldf3
                0x0000000008000794                __divdf3
                0x0000000008000794                __aeabi_ddiv
 .text          0x0000000008000964       0x50 c:/st/stm32cubeide_1.6.1/stm32cubeide/plugins/com.st.stm32cube.ide.mcu.externaltools.gnu-tools-for-stm32.9-2020-q2-update.win32_2.0.0.202105311346/tools/bin/../lib/gcc/arm-none-eabi/9.3.1/thumb/v7e-m+fp/hard\libgcc.a(_arm_fixdfsi.o)
                0x0000000008000964                __aeabi_d2iz
                0x0000000008000964                __fixdfsi
 .text          0x00000000080009b4       0x30 c:/st/stm32cubeide_1.6.1/stm32cubeide/plugins/com.st.stm32cube.ide.mcu.externaltools.gnu-tools-for-stm32.9-2020-q2-update.win32_2.0.0.202105311346/tools/bin/../lib/gcc/arm-none-eabi/9.3.1/thumb/v7e-m+fp/hard\libgcc.a(_aeabi_uldivmod.o)
                0x00000000080009b4                __aeabi_uldivmod
 .text          0x00000000080009e4      0x2c4 c:/st/stm32cubeide_1.6.1/stm32cubeide/plugins/com.st.stm32cube.ide.mcu.externaltools.gnu-tools-for-stm32.9-2020-q2-update.win32_2.0.0.202105311346/tools/bin/../lib/gcc/arm-none-eabi/9.3.1/thumb/v7e-m+fp/hard\libgcc.a(_udivmoddi4.o)
                0x00000000080009e4                __udivmoddi4
 .text          0x0000000008000ca8        0x4 c:/st/stm32cubeide_1.6.1/stm32cubeide/plugins/com.st.stm32cube.ide.mcu.externaltools.gnu-tools-for-stm32.9-2020-q2-update.win32_2.0.0.202105311346/tools/bin/../lib/gcc/arm-none-eabi/9.3.1/thumb/v7e-m+fp/hard\libgcc.a(_dvmd_tls.o)
                0x0000000008000ca8                __aeabi_idiv0
                0x0000000008000ca8                __aeabi_ldiv0
 *(.text*)
 .text.JY901_genAskCmd
                0x0000000008000cac       0x4a ./COM_interpreter/Src/JY901_Interpreter.o
                0x0000000008000cac                JY901_genAskCmd
 .text.JY901_FBdecoder
                0x0000000008000cf6      0x27e ./COM_interpreter/Src/JY901_Interpreter.o
                0x0000000008000cf6                JY901_FBdecoder
 .text.genAngleAskCmd
                0x0000000008000f74       0x7c ./COM_interpreter/Src/Servo_Interpreter.o
                0x0000000008000f74                genAngleAskCmd
 .text.recAngleCmdDecode
                0x0000000008000ff0       0xf8 ./COM_interpreter/Src/Servo_Interpreter.o
                0x0000000008000ff0                recAngleCmdDecode
 .text.genSetAngleCmd
                0x00000000080010e8       0xd4 ./COM_interpreter/Src/Servo_Interpreter.o
                0x00000000080010e8                genSetAngleCmd
 .text.raspiCMDdecoder
                0x00000000080011bc      0x2d0 ./COM_interpreter/Src/raspi_Interpreter.o
                0x00000000080011bc                raspiCMDdecoder
 .text.genAngleBackCmd
                0x000000000800148c       0xe4 ./COM_interpreter/Src/raspi_Interpreter.o
                0x000000000800148c                genAngleBackCmd
 .text.HAL_UART_TxCpltCallback
                0x0000000008001570       0x84 ./Core/Src/main.o
                0x0000000008001570                HAL_UART_TxCpltCallback
 .text.HAL_UART_RxCpltCallback
                0x00000000080015f4       0xac ./Core/Src/main.o
                0x00000000080015f4                HAL_UART_RxCpltCallback
 .text.HAL_UART_ErrorCallback
                0x00000000080016a0       0xa4 ./Core/Src/main.o
                0x00000000080016a0                HAL_UART_ErrorCallback
 .text.HAL_SPI_ErrorCallback
                0x0000000008001744       0x2a ./Core/Src/main.o
                0x0000000008001744                HAL_SPI_ErrorCallback
 *fill*         0x000000000800176e        0x2 
 .text.HAL_SPI_TxRxCpltCallback
                0x0000000008001770       0x44 ./Core/Src/main.o
                0x0000000008001770                HAL_SPI_TxRxCpltCallback
 .text.main     0x00000000080017b4      0x750 ./Core/Src/main.o
                0x00000000080017b4                main
 .text.SystemClock_Config
                0x0000000008001f04       0xd4 ./Core/Src/main.o
                0x0000000008001f04                SystemClock_Config
 .text.MX_SPI1_Init
                0x0000000008001fd8       0x64 ./Core/Src/main.o
 .text.MX_UART4_Init
                0x000000000800203c       0x54 ./Core/Src/main.o
 .text.MX_UART5_Init
                0x0000000008002090       0x54 ./Core/Src/main.o
 .text.MX_USART1_UART_Init
                0x00000000080020e4       0x54 ./Core/Src/main.o
 .text.MX_USART2_UART_Init
                0x0000000008002138       0x54 ./Core/Src/main.o
 .text.MX_USART3_UART_Init
                0x000000000800218c       0x54 ./Core/Src/main.o
 .text.MX_DMA_Init
                0x00000000080021e0      0x10c ./Core/Src/main.o
 .text.MX_GPIO_Init
                0x00000000080022ec       0xd8 ./Core/Src/main.o
 .text.Error_Handler
                0x00000000080023c4       0x12 ./Core/Src/main.o
                0x00000000080023c4                Error_Handler
 *fill*         0x00000000080023d6        0x2 
 .text.HAL_MspInit
                0x00000000080023d8       0x50 ./Core/Src/stm32f4xx_hal_msp.o
                0x00000000080023d8                HAL_MspInit
 .text.HAL_SPI_MspInit
                0x0000000008002428      0x16c ./Core/Src/stm32f4xx_hal_msp.o
                0x0000000008002428                HAL_SPI_MspInit
 .text.HAL_UART_MspInit
                0x0000000008002594      0x71c ./Core/Src/stm32f4xx_hal_msp.o
                0x0000000008002594                HAL_UART_MspInit
 .text.NMI_Handler
                0x0000000008002cb0        0x6 ./Core/Src/stm32f4xx_it.o
                0x0000000008002cb0                NMI_Handler
 .text.HardFault_Handler
                0x0000000008002cb6        0x6 ./Core/Src/stm32f4xx_it.o
                0x0000000008002cb6                HardFault_Handler
 .text.MemManage_Handler
                0x0000000008002cbc        0x6 ./Core/Src/stm32f4xx_it.o
                0x0000000008002cbc                MemManage_Handler
 .text.BusFault_Handler
                0x0000000008002cc2        0x6 ./Core/Src/stm32f4xx_it.o
                0x0000000008002cc2                BusFault_Handler
 .text.UsageFault_Handler
                0x0000000008002cc8        0x6 ./Core/Src/stm32f4xx_it.o
                0x0000000008002cc8                UsageFault_Handler
 .text.SVC_Handler
                0x0000000008002cce        0xe ./Core/Src/stm32f4xx_it.o
                0x0000000008002cce                SVC_Handler
 .text.DebugMon_Handler
                0x0000000008002cdc        0xe ./Core/Src/stm32f4xx_it.o
                0x0000000008002cdc                DebugMon_Handler
 .text.PendSV_Handler
                0x0000000008002cea        0xe ./Core/Src/stm32f4xx_it.o
                0x0000000008002cea                PendSV_Handler
 .text.SysTick_Handler
                0x0000000008002cf8        0xc ./Core/Src/stm32f4xx_it.o
                0x0000000008002cf8                SysTick_Handler
 .text.DMA1_Stream0_IRQHandler
                0x0000000008002d04       0x14 ./Core/Src/stm32f4xx_it.o
                0x0000000008002d04                DMA1_Stream0_IRQHandler
 .text.DMA1_Stream1_IRQHandler
                0x0000000008002d18       0x14 ./Core/Src/stm32f4xx_it.o
                0x0000000008002d18                DMA1_Stream1_IRQHandler
 .text.DMA1_Stream2_IRQHandler
                0x0000000008002d2c       0x14 ./Core/Src/stm32f4xx_it.o
                0x0000000008002d2c                DMA1_Stream2_IRQHandler
 .text.DMA1_Stream3_IRQHandler
                0x0000000008002d40       0x14 ./Core/Src/stm32f4xx_it.o
                0x0000000008002d40                DMA1_Stream3_IRQHandler
 .text.DMA1_Stream4_IRQHandler
                0x0000000008002d54       0x14 ./Core/Src/stm32f4xx_it.o
                0x0000000008002d54                DMA1_Stream4_IRQHandler
 .text.DMA1_Stream5_IRQHandler
                0x0000000008002d68       0x14 ./Core/Src/stm32f4xx_it.o
                0x0000000008002d68                DMA1_Stream5_IRQHandler
 .text.DMA1_Stream6_IRQHandler
                0x0000000008002d7c       0x14 ./Core/Src/stm32f4xx_it.o
                0x0000000008002d7c                DMA1_Stream6_IRQHandler
 .text.SPI1_IRQHandler
                0x0000000008002d90       0x14 ./Core/Src/stm32f4xx_it.o
                0x0000000008002d90                SPI1_IRQHandler
 .text.USART1_IRQHandler
                0x0000000008002da4       0x14 ./Core/Src/stm32f4xx_it.o
                0x0000000008002da4                USART1_IRQHandler
 .text.USART2_IRQHandler
                0x0000000008002db8       0x14 ./Core/Src/stm32f4xx_it.o
                0x0000000008002db8                USART2_IRQHandler
 .text.USART3_IRQHandler
                0x0000000008002dcc       0x14 ./Core/Src/stm32f4xx_it.o
                0x0000000008002dcc                USART3_IRQHandler
 .text.DMA1_Stream7_IRQHandler
                0x0000000008002de0       0x14 ./Core/Src/stm32f4xx_it.o
                0x0000000008002de0                DMA1_Stream7_IRQHandler
 .text.UART4_IRQHandler
                0x0000000008002df4       0x14 ./Core/Src/stm32f4xx_it.o
                0x0000000008002df4                UART4_IRQHandler
 .text.UART5_IRQHandler
                0x0000000008002e08       0x14 ./Core/Src/stm32f4xx_it.o
                0x0000000008002e08                UART5_IRQHandler
 .text.DMA2_Stream0_IRQHandler
                0x0000000008002e1c       0x14 ./Core/Src/stm32f4xx_it.o
                0x0000000008002e1c                DMA2_Stream0_IRQHandler
 .text.DMA2_Stream3_IRQHandler
                0x0000000008002e30       0x14 ./Core/Src/stm32f4xx_it.o
                0x0000000008002e30                DMA2_Stream3_IRQHandler
 .text.DMA2_Stream5_IRQHandler
                0x0000000008002e44       0x14 ./Core/Src/stm32f4xx_it.o
                0x0000000008002e44                DMA2_Stream5_IRQHandler
 .text.DMA2_Stream7_IRQHandler
                0x0000000008002e58       0x14 ./Core/Src/stm32f4xx_it.o
                0x0000000008002e58                DMA2_Stream7_IRQHandler
 .text.SystemInit
                0x0000000008002e6c       0x2c ./Core/Src/system_stm32f4xx.o
                0x0000000008002e6c                SystemInit
 .text.Reset_Handler
                0x0000000008002e98       0x50 ./Core/Startup/startup_stm32f405rgtx.o
                0x0000000008002e98                Reset_Handler
 .text.Default_Handler
                0x0000000008002ee8        0x2 ./Core/Startup/startup_stm32f405rgtx.o
                0x0000000008002ee8                RTC_Alarm_IRQHandler
                0x0000000008002ee8                HASH_RNG_IRQHandler
                0x0000000008002ee8                EXTI2_IRQHandler
                0x0000000008002ee8                TIM8_CC_IRQHandler
                0x0000000008002ee8                TIM1_CC_IRQHandler
                0x0000000008002ee8                PVD_IRQHandler
                0x0000000008002ee8                SDIO_IRQHandler
                0x0000000008002ee8                TAMP_STAMP_IRQHandler
                0x0000000008002ee8                CAN2_RX1_IRQHandler
                0x0000000008002ee8                EXTI3_IRQHandler
                0x0000000008002ee8                TIM8_TRG_COM_TIM14_IRQHandler
                0x0000000008002ee8                TIM1_UP_TIM10_IRQHandler
                0x0000000008002ee8                TIM8_UP_TIM13_IRQHandler
                0x0000000008002ee8                I2C3_ER_IRQHandler
                0x0000000008002ee8                EXTI0_IRQHandler
                0x0000000008002ee8                I2C2_EV_IRQHandler
                0x0000000008002ee8                CAN1_RX0_IRQHandler
                0x0000000008002ee8                FPU_IRQHandler
                0x0000000008002ee8                OTG_HS_WKUP_IRQHandler
                0x0000000008002ee8                CAN2_SCE_IRQHandler
                0x0000000008002ee8                DMA2_Stream2_IRQHandler
                0x0000000008002ee8                TIM6_DAC_IRQHandler
                0x0000000008002ee8                TIM1_BRK_TIM9_IRQHandler
                0x0000000008002ee8                CAN2_RX0_IRQHandler
                0x0000000008002ee8                USART6_IRQHandler
                0x0000000008002ee8                CAN1_RX1_IRQHandler
                0x0000000008002ee8                TIM4_IRQHandler
                0x0000000008002ee8                I2C1_EV_IRQHandler
                0x0000000008002ee8                TIM3_IRQHandler
                0x0000000008002ee8                RCC_IRQHandler
                0x0000000008002ee8                TIM8_BRK_TIM12_IRQHandler
                0x0000000008002ee8                Default_Handler
                0x0000000008002ee8                EXTI15_10_IRQHandler
                0x0000000008002ee8                ADC_IRQHandler
                0x0000000008002ee8                TIM7_IRQHandler
                0x0000000008002ee8                CAN2_TX_IRQHandler
                0x0000000008002ee8                TIM5_IRQHandler
                0x0000000008002ee8                I2C3_EV_IRQHandler
                0x0000000008002ee8                EXTI9_5_IRQHandler
                0x0000000008002ee8                RTC_WKUP_IRQHandler
                0x0000000008002ee8                SPI2_IRQHandler
                0x0000000008002ee8                OTG_HS_EP1_IN_IRQHandler
                0x0000000008002ee8                CAN1_TX_IRQHandler
                0x0000000008002ee8                EXTI4_IRQHandler
                0x0000000008002ee8                FSMC_IRQHandler
                0x0000000008002ee8                OTG_HS_EP1_OUT_IRQHandler
                0x0000000008002ee8                WWDG_IRQHandler
                0x0000000008002ee8                TIM2_IRQHandler
                0x0000000008002ee8                OTG_FS_WKUP_IRQHandler
                0x0000000008002ee8                TIM1_TRG_COM_TIM11_IRQHandler
                0x0000000008002ee8                OTG_HS_IRQHandler
                0x0000000008002ee8                EXTI1_IRQHandler
                0x0000000008002ee8                I2C2_ER_IRQHandler
                0x0000000008002ee8                DMA2_Stream1_IRQHandler
                0x0000000008002ee8                CAN1_SCE_IRQHandler
                0x0000000008002ee8                FLASH_IRQHandler
                0x0000000008002ee8                DMA2_Stream4_IRQHandler
                0x0000000008002ee8                OTG_FS_IRQHandler
                0x0000000008002ee8                SPI3_IRQHandler
                0x0000000008002ee8                I2C1_ER_IRQHandler
                0x0000000008002ee8                DMA2_Stream6_IRQHandler
 *fill*         0x0000000008002eea        0x2 
 .text.HAL_Init
                0x0000000008002eec       0x44 ./Drivers/STM32F4xx_HAL_Driver/Src/stm32f4xx_hal.o
                0x0000000008002eec                HAL_Init
 .text.HAL_InitTick
                0x0000000008002f30       0x60 ./Drivers/STM32F4xx_HAL_Driver/Src/stm32f4xx_hal.o
                0x0000000008002f30                HAL_InitTick
 .text.HAL_IncTick
                0x0000000008002f90       0x28 ./Drivers/STM32F4xx_HAL_Driver/Src/stm32f4xx_hal.o
                0x0000000008002f90                HAL_IncTick
 .text.HAL_GetTick
                0x0000000008002fb8       0x18 ./Drivers/STM32F4xx_HAL_Driver/Src/stm32f4xx_hal.o
                0x0000000008002fb8                HAL_GetTick
 .text.HAL_Delay
                0x0000000008002fd0       0x48 ./Drivers/STM32F4xx_HAL_Driver/Src/stm32f4xx_hal.o
                0x0000000008002fd0                HAL_Delay
 .text.__NVIC_SetPriorityGrouping
                0x0000000008003018       0x48 ./Drivers/STM32F4xx_HAL_Driver/Src/stm32f4xx_hal_cortex.o
 .text.__NVIC_GetPriorityGrouping
                0x0000000008003060       0x1c ./Drivers/STM32F4xx_HAL_Driver/Src/stm32f4xx_hal_cortex.o
 .text.__NVIC_EnableIRQ
                0x000000000800307c       0x3c ./Drivers/STM32F4xx_HAL_Driver/Src/stm32f4xx_hal_cortex.o
 .text.__NVIC_SetPriority
                0x00000000080030b8       0x54 ./Drivers/STM32F4xx_HAL_Driver/Src/stm32f4xx_hal_cortex.o
 .text.NVIC_EncodePriority
                0x000000000800310c       0x66 ./Drivers/STM32F4xx_HAL_Driver/Src/stm32f4xx_hal_cortex.o
 *fill*         0x0000000008003172        0x2 
 .text.SysTick_Config
                0x0000000008003174       0x44 ./Drivers/STM32F4xx_HAL_Driver/Src/stm32f4xx_hal_cortex.o
 .text.HAL_NVIC_SetPriorityGrouping
                0x00000000080031b8       0x16 ./Drivers/STM32F4xx_HAL_Driver/Src/stm32f4xx_hal_cortex.o
                0x00000000080031b8                HAL_NVIC_SetPriorityGrouping
 .text.HAL_NVIC_SetPriority
                0x00000000080031ce       0x38 ./Drivers/STM32F4xx_HAL_Driver/Src/stm32f4xx_hal_cortex.o
                0x00000000080031ce                HAL_NVIC_SetPriority
 .text.HAL_NVIC_EnableIRQ
                0x0000000008003206       0x1c ./Drivers/STM32F4xx_HAL_Driver/Src/stm32f4xx_hal_cortex.o
                0x0000000008003206                HAL_NVIC_EnableIRQ
 .text.HAL_SYSTICK_Config
                0x0000000008003222       0x18 ./Drivers/STM32F4xx_HAL_Driver/Src/stm32f4xx_hal_cortex.o
                0x0000000008003222                HAL_SYSTICK_Config
 *fill*         0x000000000800323a        0x2 
 .text.HAL_DMA_Init
                0x000000000800323c      0x15c ./Drivers/STM32F4xx_HAL_Driver/Src/stm32f4xx_hal_dma.o
                0x000000000800323c                HAL_DMA_Init
 .text.HAL_DMA_Start_IT
                0x0000000008003398       0xb0 ./Drivers/STM32F4xx_HAL_Driver/Src/stm32f4xx_hal_dma.o
                0x0000000008003398                HAL_DMA_Start_IT
 .text.HAL_DMA_Abort
                0x0000000008003448       0xe0 ./Drivers/STM32F4xx_HAL_Driver/Src/stm32f4xx_hal_dma.o
                0x0000000008003448                HAL_DMA_Abort
 .text.HAL_DMA_Abort_IT
                0x0000000008003528       0x44 ./Drivers/STM32F4xx_HAL_Driver/Src/stm32f4xx_hal_dma.o
                0x0000000008003528                HAL_DMA_Abort_IT
 .text.HAL_DMA_IRQHandler
                0x000000000800356c      0x314 ./Drivers/STM32F4xx_HAL_Driver/Src/stm32f4xx_hal_dma.o
                0x000000000800356c                HAL_DMA_IRQHandler
 .text.DMA_SetConfig
                0x0000000008003880       0x5c ./Drivers/STM32F4xx_HAL_Driver/Src/stm32f4xx_hal_dma.o
 .text.DMA_CalcBaseAndBitshift
                0x00000000080038dc       0x6c ./Drivers/STM32F4xx_HAL_Driver/Src/stm32f4xx_hal_dma.o
 .text.DMA_CheckFifoParam
                0x0000000008003948       0xf8 ./Drivers/STM32F4xx_HAL_Driver/Src/stm32f4xx_hal_dma.o
 .text.HAL_GPIO_Init
                0x0000000008003a40      0x338 ./Drivers/STM32F4xx_HAL_Driver/Src/stm32f4xx_hal_gpio.o
                0x0000000008003a40                HAL_GPIO_Init
 .text.HAL_GPIO_WritePin
                0x0000000008003d78       0x32 ./Drivers/STM32F4xx_HAL_Driver/Src/stm32f4xx_hal_gpio.o
                0x0000000008003d78                HAL_GPIO_WritePin
 .text.HAL_GPIO_TogglePin
                0x0000000008003daa       0x34 ./Drivers/STM32F4xx_HAL_Driver/Src/stm32f4xx_hal_gpio.o
                0x0000000008003daa                HAL_GPIO_TogglePin
 *fill*         0x0000000008003dde        0x2 
 .text.HAL_RCC_OscConfig
                0x0000000008003de0      0x4f0 ./Drivers/STM32F4xx_HAL_Driver/Src/stm32f4xx_hal_rcc.o
                0x0000000008003de0                HAL_RCC_OscConfig
 .text.HAL_RCC_ClockConfig
                0x00000000080042d0      0x1cc ./Drivers/STM32F4xx_HAL_Driver/Src/stm32f4xx_hal_rcc.o
                0x00000000080042d0                HAL_RCC_ClockConfig
 .text.HAL_RCC_GetSysClockFreq
                0x000000000800449c      0x1c4 ./Drivers/STM32F4xx_HAL_Driver/Src/stm32f4xx_hal_rcc.o
                0x000000000800449c                HAL_RCC_GetSysClockFreq
 .text.HAL_RCC_GetHCLKFreq
                0x0000000008004660       0x18 ./Drivers/STM32F4xx_HAL_Driver/Src/stm32f4xx_hal_rcc.o
                0x0000000008004660                HAL_RCC_GetHCLKFreq
 .text.HAL_RCC_GetPCLK1Freq
                0x0000000008004678       0x28 ./Drivers/STM32F4xx_HAL_Driver/Src/stm32f4xx_hal_rcc.o
                0x0000000008004678                HAL_RCC_GetPCLK1Freq
 .text.HAL_RCC_GetPCLK2Freq
                0x00000000080046a0       0x28 ./Drivers/STM32F4xx_HAL_Driver/Src/stm32f4xx_hal_rcc.o
                0x00000000080046a0                HAL_RCC_GetPCLK2Freq
 .text.HAL_SPI_Init
                0x00000000080046c8      0x112 ./Drivers/STM32F4xx_HAL_Driver/Src/stm32f4xx_hal_spi.o
                0x00000000080046c8                HAL_SPI_Init
 *fill*         0x00000000080047da        0x2 
 .text.HAL_SPI_TransmitReceive_DMA
                0x00000000080047dc      0x204 ./Drivers/STM32F4xx_HAL_Driver/Src/stm32f4xx_hal_spi.o
                0x00000000080047dc                HAL_SPI_TransmitReceive_DMA
 .text.HAL_SPI_IRQHandler
                0x00000000080049e0      0x200 ./Drivers/STM32F4xx_HAL_Driver/Src/stm32f4xx_hal_spi.o
                0x00000000080049e0                HAL_SPI_IRQHandler
 .text.HAL_SPI_RxCpltCallback
                0x0000000008004be0       0x14 ./Drivers/STM32F4xx_HAL_Driver/Src/stm32f4xx_hal_spi.o
                0x0000000008004be0                HAL_SPI_RxCpltCallback
 .text.HAL_SPI_RxHalfCpltCallback
                0x0000000008004bf4       0x14 ./Drivers/STM32F4xx_HAL_Driver/Src/stm32f4xx_hal_spi.o
                0x0000000008004bf4                HAL_SPI_RxHalfCpltCallback
 .text.HAL_SPI_TxRxHalfCpltCallback
                0x0000000008004c08       0x14 ./Drivers/STM32F4xx_HAL_Driver/Src/stm32f4xx_hal_spi.o
                0x0000000008004c08                HAL_SPI_TxRxHalfCpltCallback
 .text.SPI_DMAReceiveCplt
                0x0000000008004c1c       0xa8 ./Drivers/STM32F4xx_HAL_Driver/Src/stm32f4xx_hal_spi.o
 .text.SPI_DMATransmitReceiveCplt
                0x0000000008004cc4       0x90 ./Drivers/STM32F4xx_HAL_Driver/Src/stm32f4xx_hal_spi.o
 .text.SPI_DMAHalfReceiveCplt
                0x0000000008004d54       0x1c ./Drivers/STM32F4xx_HAL_Driver/Src/stm32f4xx_hal_spi.o
 .text.SPI_DMAHalfTransmitReceiveCplt
                0x0000000008004d70       0x1c ./Drivers/STM32F4xx_HAL_Driver/Src/stm32f4xx_hal_spi.o
 .text.SPI_DMAError
                0x0000000008004d8c       0x40 ./Drivers/STM32F4xx_HAL_Driver/Src/stm32f4xx_hal_spi.o
 .text.SPI_DMAAbortOnError
                0x0000000008004dcc       0x28 ./Drivers/STM32F4xx_HAL_Driver/Src/stm32f4xx_hal_spi.o
 .text.SPI_WaitFlagStateUntilTimeout
                0x0000000008004df4      0x110 ./Drivers/STM32F4xx_HAL_Driver/Src/stm32f4xx_hal_spi.o
 .text.SPI_EndRxTransaction
                0x0000000008004f04       0xca ./Drivers/STM32F4xx_HAL_Driver/Src/stm32f4xx_hal_spi.o
 *fill*         0x0000000008004fce        0x2 
 .text.SPI_EndRxTxTransaction
                0x0000000008004fd0       0x84 ./Drivers/STM32F4xx_HAL_Driver/Src/stm32f4xx_hal_spi.o
 .text.HAL_UART_Init
                0x0000000008005054       0x9a ./Drivers/STM32F4xx_HAL_Driver/Src/stm32f4xx_hal_uart.o
                0x0000000008005054                HAL_UART_Init
 .text.HAL_UART_Transmit
                0x00000000080050ee      0x124 ./Drivers/STM32F4xx_HAL_Driver/Src/stm32f4xx_hal_uart.o
                0x00000000080050ee                HAL_UART_Transmit
 *fill*         0x0000000008005212        0x2 
 .text.HAL_UART_Transmit_DMA
                0x0000000008005214       0xfc ./Drivers/STM32F4xx_HAL_Driver/Src/stm32f4xx_hal_uart.o
                0x0000000008005214                HAL_UART_Transmit_DMA
 .text.HAL_UART_Receive_DMA
                0x0000000008005310       0x60 ./Drivers/STM32F4xx_HAL_Driver/Src/stm32f4xx_hal_uart.o
                0x0000000008005310                HAL_UART_Receive_DMA
 .text.HAL_UART_IRQHandler
                0x0000000008005370      0x51c ./Drivers/STM32F4xx_HAL_Driver/Src/stm32f4xx_hal_uart.o
                0x0000000008005370                HAL_UART_IRQHandler
 .text.HAL_UART_TxHalfCpltCallback
                0x000000000800588c       0x14 ./Drivers/STM32F4xx_HAL_Driver/Src/stm32f4xx_hal_uart.o
                0x000000000800588c                HAL_UART_TxHalfCpltCallback
 .text.HAL_UART_RxHalfCpltCallback
                0x00000000080058a0       0x14 ./Drivers/STM32F4xx_HAL_Driver/Src/stm32f4xx_hal_uart.o
                0x00000000080058a0                HAL_UART_RxHalfCpltCallback
 .text.HAL_UARTEx_RxEventCallback
                0x00000000080058b4       0x18 ./Drivers/STM32F4xx_HAL_Driver/Src/stm32f4xx_hal_uart.o
                0x00000000080058b4                HAL_UARTEx_RxEventCallback
 .text.UART_DMATransmitCplt
                0x00000000080058cc       0x9a ./Drivers/STM32F4xx_HAL_Driver/Src/stm32f4xx_hal_uart.o
 .text.UART_DMATxHalfCplt
                0x0000000008005966       0x1c ./Drivers/STM32F4xx_HAL_Driver/Src/stm32f4xx_hal_uart.o
 .text.UART_DMAReceiveCplt
                0x0000000008005982      0x126 ./Drivers/STM32F4xx_HAL_Driver/Src/stm32f4xx_hal_uart.o
 .text.UART_DMARxHalfCplt
                0x0000000008005aa8       0x36 ./Drivers/STM32F4xx_HAL_Driver/Src/stm32f4xx_hal_uart.o
 .text.UART_DMAError
                0x0000000008005ade       0x94 ./Drivers/STM32F4xx_HAL_Driver/Src/stm32f4xx_hal_uart.o
 .text.UART_WaitOnFlagUntilTimeout
                0x0000000008005b72       0xdc ./Drivers/STM32F4xx_HAL_Driver/Src/stm32f4xx_hal_uart.o
 *fill*         0x0000000008005c4e        0x2 
 .text.UART_Start_Receive_DMA
                0x0000000008005c50      0x134 ./Drivers/STM32F4xx_HAL_Driver/Src/stm32f4xx_hal_uart.o
                0x0000000008005c50                UART_Start_Receive_DMA
 .text.UART_EndTxTransfer
                0x0000000008005d84       0x50 ./Drivers/STM32F4xx_HAL_Driver/Src/stm32f4xx_hal_uart.o
 .text.UART_EndRxTransfer
                0x0000000008005dd4       0xc6 ./Drivers/STM32F4xx_HAL_Driver/Src/stm32f4xx_hal_uart.o
 .text.UART_DMAAbortOnError
                0x0000000008005e9a       0x28 ./Drivers/STM32F4xx_HAL_Driver/Src/stm32f4xx_hal_uart.o
 .text.UART_Transmit_IT
                0x0000000008005ec2       0xa0 ./Drivers/STM32F4xx_HAL_Driver/Src/stm32f4xx_hal_uart.o
 .text.UART_EndTransmit_IT
                0x0000000008005f62       0x30 ./Drivers/STM32F4xx_HAL_Driver/Src/stm32f4xx_hal_uart.o
 .text.UART_Receive_IT
                0x0000000008005f92      0x176 ./Drivers/STM32F4xx_HAL_Driver/Src/stm32f4xx_hal_uart.o
 .text.UART_SetConfig
                0x0000000008006108      0x390 ./Drivers/STM32F4xx_HAL_Driver/Src/stm32f4xx_hal_uart.o
 .text.__libc_init_array
                0x0000000008006498       0x48 c:/st/stm32cubeide_1.6.1/stm32cubeide/plugins/com.st.stm32cube.ide.mcu.externaltools.gnu-tools-for-stm32.9-2020-q2-update.win32_2.0.0.202105311346/tools/bin/../lib/gcc/arm-none-eabi/9.3.1/../../../../arm-none-eabi/lib/thumb/v7e-m+fp/hard\libc_nano.a(lib_a-init.o)
                0x0000000008006498                __libc_init_array
 .text.memset   0x00000000080064e0       0x10 c:/st/stm32cubeide_1.6.1/stm32cubeide/plugins/com.st.stm32cube.ide.mcu.externaltools.gnu-tools-for-stm32.9-2020-q2-update.win32_2.0.0.202105311346/tools/bin/../lib/gcc/arm-none-eabi/9.3.1/../../../../arm-none-eabi/lib/thumb/v7e-m+fp/hard\libc_nano.a(lib_a-memset.o)
                0x00000000080064e0                memset
 *(.glue_7)
 .glue_7        0x00000000080064f0        0x0 linker stubs
 *(.glue_7t)
 .glue_7t       0x00000000080064f0        0x0 linker stubs
 *(.eh_frame)
 .eh_frame      0x00000000080064f0        0x0 c:/st/stm32cubeide_1.6.1/stm32cubeide/plugins/com.st.stm32cube.ide.mcu.externaltools.gnu-tools-for-stm32.9-2020-q2-update.win32_2.0.0.202105311346/tools/bin/../lib/gcc/arm-none-eabi/9.3.1/thumb/v7e-m+fp/hard/crtbegin.o
 *(.init)
 .init          0x00000000080064f0        0x4 c:/st/stm32cubeide_1.6.1/stm32cubeide/plugins/com.st.stm32cube.ide.mcu.externaltools.gnu-tools-for-stm32.9-2020-q2-update.win32_2.0.0.202105311346/tools/bin/../lib/gcc/arm-none-eabi/9.3.1/thumb/v7e-m+fp/hard/crti.o
                0x00000000080064f0                _init
 .init          0x00000000080064f4        0x8 c:/st/stm32cubeide_1.6.1/stm32cubeide/plugins/com.st.stm32cube.ide.mcu.externaltools.gnu-tools-for-stm32.9-2020-q2-update.win32_2.0.0.202105311346/tools/bin/../lib/gcc/arm-none-eabi/9.3.1/thumb/v7e-m+fp/hard/crtn.o
 *(.fini)
 .fini          0x00000000080064fc        0x4 c:/st/stm32cubeide_1.6.1/stm32cubeide/plugins/com.st.stm32cube.ide.mcu.externaltools.gnu-tools-for-stm32.9-2020-q2-update.win32_2.0.0.202105311346/tools/bin/../lib/gcc/arm-none-eabi/9.3.1/thumb/v7e-m+fp/hard/crti.o
                0x00000000080064fc                _fini
 .fini          0x0000000008006500        0x8 c:/st/stm32cubeide_1.6.1/stm32cubeide/plugins/com.st.stm32cube.ide.mcu.externaltools.gnu-tools-for-stm32.9-2020-q2-update.win32_2.0.0.202105311346/tools/bin/../lib/gcc/arm-none-eabi/9.3.1/thumb/v7e-m+fp/hard/crtn.o
                0x0000000008006508                . = ALIGN (0x4)
                0x0000000008006508                _etext = .

.vfp11_veneer   0x0000000008006508        0x0
 .vfp11_veneer  0x0000000008006508        0x0 linker stubs

.v4_bx          0x0000000008006508        0x0
 .v4_bx         0x0000000008006508        0x0 linker stubs

.iplt           0x0000000008006508        0x0
 .iplt          0x0000000008006508        0x0 c:/st/stm32cubeide_1.6.1/stm32cubeide/plugins/com.st.stm32cube.ide.mcu.externaltools.gnu-tools-for-stm32.9-2020-q2-update.win32_2.0.0.202105311346/tools/bin/../lib/gcc/arm-none-eabi/9.3.1/thumb/v7e-m+fp/hard/crtbegin.o

.rodata         0x0000000008006508       0x20
                0x0000000008006508                . = ALIGN (0x4)
 *(.rodata)
 *(.rodata*)
 .rodata.AHBPrescTable
                0x0000000008006508       0x10 ./Core/Src/system_stm32f4xx.o
                0x0000000008006508                AHBPrescTable
 .rodata.APBPrescTable
                0x0000000008006518        0x8 ./Core/Src/system_stm32f4xx.o
                0x0000000008006518                APBPrescTable
 .rodata.flagBitshiftOffset.7822
                0x0000000008006520        0x8 ./Drivers/STM32F4xx_HAL_Driver/Src/stm32f4xx_hal_dma.o
                0x0000000008006528                . = ALIGN (0x4)

.ARM.extab      0x0000000008006528        0x0
                0x0000000008006528                . = ALIGN (0x4)
 *(.ARM.extab* .gnu.linkonce.armextab.*)
                0x0000000008006528                . = ALIGN (0x4)

.ARM            0x0000000008006528        0x8
                0x0000000008006528                . = ALIGN (0x4)
                0x0000000008006528                __exidx_start = .
 *(.ARM.exidx*)
 .ARM.exidx     0x0000000008006528        0x8 c:/st/stm32cubeide_1.6.1/stm32cubeide/plugins/com.st.stm32cube.ide.mcu.externaltools.gnu-tools-for-stm32.9-2020-q2-update.win32_2.0.0.202105311346/tools/bin/../lib/gcc/arm-none-eabi/9.3.1/thumb/v7e-m+fp/hard\libgcc.a(_udivmoddi4.o)
                0x0000000008006530                __exidx_end = .
                0x0000000008006530                . = ALIGN (0x4)

.rel.dyn        0x0000000008006530        0x0
 .rel.iplt      0x0000000008006530        0x0 c:/st/stm32cubeide_1.6.1/stm32cubeide/plugins/com.st.stm32cube.ide.mcu.externaltools.gnu-tools-for-stm32.9-2020-q2-update.win32_2.0.0.202105311346/tools/bin/../lib/gcc/arm-none-eabi/9.3.1/thumb/v7e-m+fp/hard/crtbegin.o

.preinit_array  0x0000000008006530        0x0
                0x0000000008006530                . = ALIGN (0x4)
                0x0000000008006530                PROVIDE (__preinit_array_start = .)
 *(.preinit_array*)
                0x0000000008006530                PROVIDE (__preinit_array_end = .)
                0x0000000008006530                . = ALIGN (0x4)

.init_array     0x0000000008006530        0x4
                0x0000000008006530                . = ALIGN (0x4)
                0x0000000008006530                PROVIDE (__init_array_start = .)
 *(SORT_BY_NAME(.init_array.*))
 *(.init_array*)
 .init_array    0x0000000008006530        0x4 c:/st/stm32cubeide_1.6.1/stm32cubeide/plugins/com.st.stm32cube.ide.mcu.externaltools.gnu-tools-for-stm32.9-2020-q2-update.win32_2.0.0.202105311346/tools/bin/../lib/gcc/arm-none-eabi/9.3.1/thumb/v7e-m+fp/hard/crtbegin.o
                0x0000000008006534                PROVIDE (__init_array_end = .)
                0x0000000008006534                . = ALIGN (0x4)

.fini_array     0x0000000008006534        0x4
                0x0000000008006534                . = ALIGN (0x4)
                [!provide]                        PROVIDE (__fini_array_start = .)
 *(SORT_BY_NAME(.fini_array.*))
 *(.fini_array*)
 .fini_array    0x0000000008006534        0x4 c:/st/stm32cubeide_1.6.1/stm32cubeide/plugins/com.st.stm32cube.ide.mcu.externaltools.gnu-tools-for-stm32.9-2020-q2-update.win32_2.0.0.202105311346/tools/bin/../lib/gcc/arm-none-eabi/9.3.1/thumb/v7e-m+fp/hard/crtbegin.o
                [!provide]                        PROVIDE (__fini_array_end = .)
                0x0000000008006538                . = ALIGN (0x4)
                0x0000000008006538                _sidata = LOADADDR (.data)

.data           0x0000000020000000        0xc load address 0x0000000008006538
                0x0000000020000000                . = ALIGN (0x4)
                0x0000000020000000                _sdata = .
 *(.data)
 *(.data*)
 .data.SystemCoreClock
                0x0000000020000000        0x4 ./Core/Src/system_stm32f4xx.o
                0x0000000020000000                SystemCoreClock
 .data.uwTickPrio
                0x0000000020000004        0x4 ./Drivers/STM32F4xx_HAL_Driver/Src/stm32f4xx_hal.o
                0x0000000020000004                uwTickPrio
 .data.uwTickFreq
                0x0000000020000008        0x1 ./Drivers/STM32F4xx_HAL_Driver/Src/stm32f4xx_hal.o
                0x0000000020000008                uwTickFreq
 *(.RamFunc)
 *(.RamFunc*)
                0x000000002000000c                . = ALIGN (0x4)
 *fill*         0x0000000020000009        0x3 
                0x000000002000000c                _edata = .

.igot.plt       0x000000002000000c        0x0 load address 0x0000000008006544
 .igot.plt      0x000000002000000c        0x0 c:/st/stm32cubeide_1.6.1/stm32cubeide/plugins/com.st.stm32cube.ide.mcu.externaltools.gnu-tools-for-stm32.9-2020-q2-update.win32_2.0.0.202105311346/tools/bin/../lib/gcc/arm-none-eabi/9.3.1/thumb/v7e-m+fp/hard/crtbegin.o
                0x000000002000000c                . = ALIGN (0x4)

.bss            0x000000002000000c      0x9ac load address 0x0000000008006544
                0x000000002000000c                _sbss = .
                0x000000002000000c                __bss_start__ = _sbss
 *(.bss)
 .bss           0x000000002000000c       0x1c c:/st/stm32cubeide_1.6.1/stm32cubeide/plugins/com.st.stm32cube.ide.mcu.externaltools.gnu-tools-for-stm32.9-2020-q2-update.win32_2.0.0.202105311346/tools/bin/../lib/gcc/arm-none-eabi/9.3.1/thumb/v7e-m+fp/hard/crtbegin.o
 *(.bss*)
 .bss.getRaspiCMD
                0x0000000020000028        0x1 ./Core/Src/main.o
                0x0000000020000028                getRaspiCMD
 *fill*         0x0000000020000029        0x3 
 .bss.raspiRecErr
                0x000000002000002c        0x4 ./Core/Src/main.o
                0x000000002000002c                raspiRecErr
 .bss.setFinish
                0x0000000020000030        0x4 ./Core/Src/main.o
                0x0000000020000030                setFinish
 .bss.readFinish
                0x0000000020000034        0x4 ./Core/Src/main.o
                0x0000000020000034                readFinish
 .bss.LEDcountV2
                0x0000000020000038        0x4 ./Core/Src/main.o
                0x0000000020000038                LEDcountV2
 *(COMMON)
 COMMON         0x000000002000003c      0x975 ./Core/Src/main.o
                0x000000002000003c                servoIDarray
                0x0000000020000048                servoAngleSetCmdL4
                0x0000000020000054                raspiSetFlag
                0x0000000020000058                spiSendData_CH100
                0x00000000200000a8                hdma_uart4_rx
                0x0000000020000108                readSendFlag
                0x000000002000010c                hdma_usart2_rx
                0x000000002000016c                imuAskData
                0x0000000020000174                hdma_usart3_rx
                0x00000000200001d4                huart3
                0x0000000020000218                servoAngleRead
                0x0000000020000230                omegaData
                0x0000000020000238                omegaData_CH100
                0x0000000020000244                lineFlag
                0x0000000020000248                IMU_CH100_data
                0x0000000020000270                servoAngleSetCmdL2
                0x000000002000027c                rpyData
                0x0000000020000284                hdma_usart3_tx
                0x00000000200002e4                raspiReadFlag
                0x00000000200002e8                spiRecData_CH100
                0x0000000020000338                readRecFlag
                0x000000002000033c                servoAngleRecCmdL2
                0x0000000020000344                servoAngleAskCmdL1
                0x000000002000034c                servoAngleSetCmdL3
                0x0000000020000358                setSendFlag
                0x0000000020000364                spiRTFlag
                0x0000000020000368                spiRecData
                0x00000000200003a4                hdma_usart1_tx
                0x0000000020000404                huart5
                0x0000000020000448                hdma_usart1_rx
                0x00000000200004a8                hdma_usart2_tx
                0x0000000020000508                servoAngleAskCmdL3
                0x0000000020000510                servoAngleRecCmdL1
                0x0000000020000518                huart1
                0x000000002000055c                imuRecData_CH100
                0x0000000020000600                imuRecData
                0x0000000020000624                quatData_CH100
                0x0000000020000634                servoAngleSet
                0x000000002000064c                servoAngleAskCmdL2
                0x0000000020000654                servoAngleRecCmdL4
                0x000000002000065c                servoAngleRecCmdL3
                0x0000000020000664                huart4
                0x00000000200006a8                hspi1
                0x0000000020000700                uartRxFlag
                0x0000000020000708                spiSendData
                0x0000000020000744                servoAngleAskCmdL4
                0x000000002000074c                huart2
                0x0000000020000790                hdma_uart5_rx
                0x00000000200007f0                hdma_spi1_rx
                0x0000000020000850                lineIdx
                0x0000000020000854                IMU_data
                0x0000000020000868                hdma_spi1_tx
                0x00000000200008c8                accData
                0x00000000200008d0                uartTxFlag
                0x00000000200008d8                accData_CH100
                0x00000000200008e4                hdma_uart4_tx
                0x0000000020000944                hdma_uart5_tx
                0x00000000200009a4                servoAngleSetCmdL1
                0x00000000200009b0                servoNum
 *fill*         0x00000000200009b1        0x3 
 COMMON         0x00000000200009b4        0x4 ./Drivers/STM32F4xx_HAL_Driver/Src/stm32f4xx_hal.o
                0x00000000200009b4                uwTick
                0x00000000200009b8                . = ALIGN (0x4)
                0x00000000200009b8                _ebss = .
                0x00000000200009b8                __bss_end__ = _ebss

._user_heap_stack
                0x00000000200009b8      0x600 load address 0x0000000008006544
                0x00000000200009b8                . = ALIGN (0x8)
                [!provide]                        PROVIDE (end = .)
                0x00000000200009b8                PROVIDE (_end = .)
                0x0000000020000bb8                . = (. + _Min_Heap_Size)
 *fill*         0x00000000200009b8      0x200 
                0x0000000020000fb8                . = (. + _Min_Stack_Size)
 *fill*         0x0000000020000bb8      0x400 
                0x0000000020000fb8                . = ALIGN (0x8)

/DISCARD/
 libc.a(*)
 libm.a(*)
 libgcc.a(*)

.ARM.attributes
                0x0000000000000000       0x30
 *(.ARM.attributes)
 .ARM.attributes
                0x0000000000000000       0x1e c:/st/stm32cubeide_1.6.1/stm32cubeide/plugins/com.st.stm32cube.ide.mcu.externaltools.gnu-tools-for-stm32.9-2020-q2-update.win32_2.0.0.202105311346/tools/bin/../lib/gcc/arm-none-eabi/9.3.1/thumb/v7e-m+fp/hard/crti.o
 .ARM.attributes
                0x000000000000001e       0x34 c:/st/stm32cubeide_1.6.1/stm32cubeide/plugins/com.st.stm32cube.ide.mcu.externaltools.gnu-tools-for-stm32.9-2020-q2-update.win32_2.0.0.202105311346/tools/bin/../lib/gcc/arm-none-eabi/9.3.1/thumb/v7e-m+fp/hard/crtbegin.o
 .ARM.attributes
                0x0000000000000052       0x34 ./COM_interpreter/Src/JY901_Interpreter.o
 .ARM.attributes
                0x0000000000000086       0x34 ./COM_interpreter/Src/Servo_Interpreter.o
 .ARM.attributes
                0x00000000000000ba       0x34 ./COM_interpreter/Src/raspi_Interpreter.o
 .ARM.attributes
                0x00000000000000ee       0x34 ./Core/Src/main.o
 .ARM.attributes
                0x0000000000000122       0x34 ./Core/Src/stm32f4xx_hal_msp.o
 .ARM.attributes
                0x0000000000000156       0x34 ./Core/Src/stm32f4xx_it.o
 .ARM.attributes
                0x000000000000018a       0x34 ./Core/Src/system_stm32f4xx.o
 .ARM.attributes
                0x00000000000001be       0x21 ./Core/Startup/startup_stm32f405rgtx.o
 .ARM.attributes
                0x00000000000001df       0x34 ./Drivers/STM32F4xx_HAL_Driver/Src/stm32f4xx_hal.o
 .ARM.attributes
                0x0000000000000213       0x34 ./Drivers/STM32F4xx_HAL_Driver/Src/stm32f4xx_hal_cortex.o
 .ARM.attributes
                0x0000000000000247       0x34 ./Drivers/STM32F4xx_HAL_Driver/Src/stm32f4xx_hal_dma.o
 .ARM.attributes
                0x000000000000027b       0x34 ./Drivers/STM32F4xx_HAL_Driver/Src/stm32f4xx_hal_gpio.o
 .ARM.attributes
                0x00000000000002af       0x34 ./Drivers/STM32F4xx_HAL_Driver/Src/stm32f4xx_hal_rcc.o
 .ARM.attributes
                0x00000000000002e3       0x34 ./Drivers/STM32F4xx_HAL_Driver/Src/stm32f4xx_hal_spi.o
 .ARM.attributes
                0x0000000000000317       0x34 ./Drivers/STM32F4xx_HAL_Driver/Src/stm32f4xx_hal_uart.o
 .ARM.attributes
                0x000000000000034b       0x34 c:/st/stm32cubeide_1.6.1/stm32cubeide/plugins/com.st.stm32cube.ide.mcu.externaltools.gnu-tools-for-stm32.9-2020-q2-update.win32_2.0.0.202105311346/tools/bin/../lib/gcc/arm-none-eabi/9.3.1/../../../../arm-none-eabi/lib/thumb/v7e-m+fp/hard\libc_nano.a(lib_a-init.o)
 .ARM.attributes
                0x000000000000037f       0x34 c:/st/stm32cubeide_1.6.1/stm32cubeide/plugins/com.st.stm32cube.ide.mcu.externaltools.gnu-tools-for-stm32.9-2020-q2-update.win32_2.0.0.202105311346/tools/bin/../lib/gcc/arm-none-eabi/9.3.1/../../../../arm-none-eabi/lib/thumb/v7e-m+fp/hard\libc_nano.a(lib_a-memset.o)
 .ARM.attributes
                0x00000000000003b3       0x1e c:/st/stm32cubeide_1.6.1/stm32cubeide/plugins/com.st.stm32cube.ide.mcu.externaltools.gnu-tools-for-stm32.9-2020-q2-update.win32_2.0.0.202105311346/tools/bin/../lib/gcc/arm-none-eabi/9.3.1/thumb/v7e-m+fp/hard\libgcc.a(_arm_addsubdf3.o)
 .ARM.attributes
                0x00000000000003d1       0x1e c:/st/stm32cubeide_1.6.1/stm32cubeide/plugins/com.st.stm32cube.ide.mcu.externaltools.gnu-tools-for-stm32.9-2020-q2-update.win32_2.0.0.202105311346/tools/bin/../lib/gcc/arm-none-eabi/9.3.1/thumb/v7e-m+fp/hard\libgcc.a(_arm_muldivdf3.o)
 .ARM.attributes
                0x00000000000003ef       0x1e c:/st/stm32cubeide_1.6.1/stm32cubeide/plugins/com.st.stm32cube.ide.mcu.externaltools.gnu-tools-for-stm32.9-2020-q2-update.win32_2.0.0.202105311346/tools/bin/../lib/gcc/arm-none-eabi/9.3.1/thumb/v7e-m+fp/hard\libgcc.a(_arm_fixdfsi.o)
 .ARM.attributes
                0x000000000000040d       0x1e c:/st/stm32cubeide_1.6.1/stm32cubeide/plugins/com.st.stm32cube.ide.mcu.externaltools.gnu-tools-for-stm32.9-2020-q2-update.win32_2.0.0.202105311346/tools/bin/../lib/gcc/arm-none-eabi/9.3.1/thumb/v7e-m+fp/hard\libgcc.a(_aeabi_uldivmod.o)
 .ARM.attributes
                0x000000000000042b       0x34 c:/st/stm32cubeide_1.6.1/stm32cubeide/plugins/com.st.stm32cube.ide.mcu.externaltools.gnu-tools-for-stm32.9-2020-q2-update.win32_2.0.0.202105311346/tools/bin/../lib/gcc/arm-none-eabi/9.3.1/thumb/v7e-m+fp/hard\libgcc.a(_udivmoddi4.o)
 .ARM.attributes
                0x000000000000045f       0x1e c:/st/stm32cubeide_1.6.1/stm32cubeide/plugins/com.st.stm32cube.ide.mcu.externaltools.gnu-tools-for-stm32.9-2020-q2-update.win32_2.0.0.202105311346/tools/bin/../lib/gcc/arm-none-eabi/9.3.1/thumb/v7e-m+fp/hard\libgcc.a(_dvmd_tls.o)
 .ARM.attributes
                0x000000000000047d       0x1e c:/st/stm32cubeide_1.6.1/stm32cubeide/plugins/com.st.stm32cube.ide.mcu.externaltools.gnu-tools-for-stm32.9-2020-q2-update.win32_2.0.0.202105311346/tools/bin/../lib/gcc/arm-none-eabi/9.3.1/thumb/v7e-m+fp/hard/crtn.o
OUTPUT(FourLineSerial.elf elf32-littlearm)
LOAD linker stubs
LOAD c:/st/stm32cubeide_1.6.1/stm32cubeide/plugins/com.st.stm32cube.ide.mcu.externaltools.gnu-tools-for-stm32.9-2020-q2-update.win32_2.0.0.202105311346/tools/bin/../lib/gcc/arm-none-eabi/9.3.1/../../../../arm-none-eabi/lib/thumb/v7e-m+fp/hard\libc.a
LOAD c:/st/stm32cubeide_1.6.1/stm32cubeide/plugins/com.st.stm32cube.ide.mcu.externaltools.gnu-tools-for-stm32.9-2020-q2-update.win32_2.0.0.202105311346/tools/bin/../lib/gcc/arm-none-eabi/9.3.1/../../../../arm-none-eabi/lib/thumb/v7e-m+fp/hard\libm.a
LOAD c:/st/stm32cubeide_1.6.1/stm32cubeide/plugins/com.st.stm32cube.ide.mcu.externaltools.gnu-tools-for-stm32.9-2020-q2-update.win32_2.0.0.202105311346/tools/bin/../lib/gcc/arm-none-eabi/9.3.1/thumb/v7e-m+fp/hard\libgcc.a

.debug_info     0x0000000000000000     0xc076
 .debug_info    0x0000000000000000      0x159 ./COM_interpreter/Src/JY901_Interpreter.o
 .debug_info    0x0000000000000159      0x2a5 ./COM_interpreter/Src/Servo_Interpreter.o
 .debug_info    0x00000000000003fe      0x392 ./COM_interpreter/Src/raspi_Interpreter.o
 .debug_info    0x0000000000000790     0x18ac ./Core/Src/main.o
 .debug_info    0x000000000000203c     0x110f ./Core/Src/stm32f4xx_hal_msp.o
 .debug_info    0x000000000000314b      0xb9d ./Core/Src/stm32f4xx_it.o
 .debug_info    0x0000000000003ce8      0x5a4 ./Core/Src/system_stm32f4xx.o
 .debug_info    0x000000000000428c       0x22 ./Core/Startup/startup_stm32f405rgtx.o
 .debug_info    0x00000000000042ae      0x9a0 ./Drivers/STM32F4xx_HAL_Driver/Src/stm32f4xx_hal.o
 .debug_info    0x0000000000004c4e      0xec5 ./Drivers/STM32F4xx_HAL_Driver/Src/stm32f4xx_hal_cortex.o
 .debug_info    0x0000000000005b13      0x9f1 ./Drivers/STM32F4xx_HAL_Driver/Src/stm32f4xx_hal_dma.o
 .debug_info    0x0000000000006504      0x83e ./Drivers/STM32F4xx_HAL_Driver/Src/stm32f4xx_hal_gpio.o
 .debug_info    0x0000000000006d42      0x996 ./Drivers/STM32F4xx_HAL_Driver/Src/stm32f4xx_hal_rcc.o
 .debug_info    0x00000000000076d8     0x17c0 ./Drivers/STM32F4xx_HAL_Driver/Src/stm32f4xx_hal_spi.o
 .debug_info    0x0000000000008e98     0x31de ./Drivers/STM32F4xx_HAL_Driver/Src/stm32f4xx_hal_uart.o

.debug_abbrev   0x0000000000000000     0x1b3e
 .debug_abbrev  0x0000000000000000       0xb0 ./COM_interpreter/Src/JY901_Interpreter.o
 .debug_abbrev  0x00000000000000b0       0xef ./COM_interpreter/Src/Servo_Interpreter.o
 .debug_abbrev  0x000000000000019f       0xdf ./COM_interpreter/Src/raspi_Interpreter.o
 .debug_abbrev  0x000000000000027e      0x2a7 ./Core/Src/main.o
 .debug_abbrev  0x0000000000000525      0x1f3 ./Core/Src/stm32f4xx_hal_msp.o
 .debug_abbrev  0x0000000000000718      0x18e ./Core/Src/stm32f4xx_it.o
 .debug_abbrev  0x00000000000008a6      0x145 ./Core/Src/system_stm32f4xx.o
 .debug_abbrev  0x00000000000009eb       0x12 ./Core/Startup/startup_stm32f405rgtx.o
 .debug_abbrev  0x00000000000009fd      0x1ed ./Drivers/STM32F4xx_HAL_Driver/Src/stm32f4xx_hal.o
 .debug_abbrev  0x0000000000000bea      0x33c ./Drivers/STM32F4xx_HAL_Driver/Src/stm32f4xx_hal_cortex.o
 .debug_abbrev  0x0000000000000f26      0x259 ./Drivers/STM32F4xx_HAL_Driver/Src/stm32f4xx_hal_dma.o
 .debug_abbrev  0x000000000000117f      0x1f1 ./Drivers/STM32F4xx_HAL_Driver/Src/stm32f4xx_hal_gpio.o
 .debug_abbrev  0x0000000000001370      0x275 ./Drivers/STM32F4xx_HAL_Driver/Src/stm32f4xx_hal_rcc.o
 .debug_abbrev  0x00000000000015e5      0x26e ./Drivers/STM32F4xx_HAL_Driver/Src/stm32f4xx_hal_spi.o
 .debug_abbrev  0x0000000000001853      0x2eb ./Drivers/STM32F4xx_HAL_Driver/Src/stm32f4xx_hal_uart.o

.debug_aranges  0x0000000000000000      0x9f0
 .debug_aranges
                0x0000000000000000       0x28 ./COM_interpreter/Src/JY901_Interpreter.o
 .debug_aranges
                0x0000000000000028       0x30 ./COM_interpreter/Src/Servo_Interpreter.o
 .debug_aranges
                0x0000000000000058       0x38 ./COM_interpreter/Src/raspi_Interpreter.o
 .debug_aranges
                0x0000000000000090       0x98 ./Core/Src/main.o
 .debug_aranges
                0x0000000000000128       0x40 ./Core/Src/stm32f4xx_hal_msp.o
 .debug_aranges
                0x0000000000000168       0xf0 ./Core/Src/stm32f4xx_it.o
 .debug_aranges
                0x0000000000000258       0x28 ./Core/Src/system_stm32f4xx.o
 .debug_aranges
                0x0000000000000280       0x28 ./Core/Startup/startup_stm32f405rgtx.o
 .debug_aranges
                0x00000000000002a8       0xf0 ./Drivers/STM32F4xx_HAL_Driver/Src/stm32f4xx_hal.o
 .debug_aranges
                0x0000000000000398      0x118 ./Drivers/STM32F4xx_HAL_Driver/Src/stm32f4xx_hal_cortex.o
 .debug_aranges
                0x00000000000004b0       0x90 ./Drivers/STM32F4xx_HAL_Driver/Src/stm32f4xx_hal_dma.o
 .debug_aranges
                0x0000000000000540       0x58 ./Drivers/STM32F4xx_HAL_Driver/Src/stm32f4xx_hal_gpio.o
 .debug_aranges
                0x0000000000000598       0x88 ./Drivers/STM32F4xx_HAL_Driver/Src/stm32f4xx_hal_rcc.o
 .debug_aranges
                0x0000000000000620      0x1d0 ./Drivers/STM32F4xx_HAL_Driver/Src/stm32f4xx_hal_spi.o
 .debug_aranges
                0x00000000000007f0      0x200 ./Drivers/STM32F4xx_HAL_Driver/Src/stm32f4xx_hal_uart.o

.debug_ranges   0x0000000000000000      0x938
 .debug_ranges  0x0000000000000000       0x18 ./COM_interpreter/Src/JY901_Interpreter.o
 .debug_ranges  0x0000000000000018       0x20 ./COM_interpreter/Src/Servo_Interpreter.o
 .debug_ranges  0x0000000000000038       0x28 ./COM_interpreter/Src/raspi_Interpreter.o
 .debug_ranges  0x0000000000000060       0x88 ./Core/Src/main.o
 .debug_ranges  0x00000000000000e8       0x30 ./Core/Src/stm32f4xx_hal_msp.o
 .debug_ranges  0x0000000000000118       0xe0 ./Core/Src/stm32f4xx_it.o
 .debug_ranges  0x00000000000001f8       0x18 ./Core/Src/system_stm32f4xx.o
 .debug_ranges  0x0000000000000210       0x20 ./Core/Startup/startup_stm32f405rgtx.o
 .debug_ranges  0x0000000000000230       0xe0 ./Drivers/STM32F4xx_HAL_Driver/Src/stm32f4xx_hal.o
 .debug_ranges  0x0000000000000310      0x108 ./Drivers/STM32F4xx_HAL_Driver/Src/stm32f4xx_hal_cortex.o
 .debug_ranges  0x0000000000000418       0x80 ./Drivers/STM32F4xx_HAL_Driver/Src/stm32f4xx_hal_dma.o
 .debug_ranges  0x0000000000000498       0x48 ./Drivers/STM32F4xx_HAL_Driver/Src/stm32f4xx_hal_gpio.o
 .debug_ranges  0x00000000000004e0       0x78 ./Drivers/STM32F4xx_HAL_Driver/Src/stm32f4xx_hal_rcc.o
 .debug_ranges  0x0000000000000558      0x1c0 ./Drivers/STM32F4xx_HAL_Driver/Src/stm32f4xx_hal_spi.o
 .debug_ranges  0x0000000000000718      0x220 ./Drivers/STM32F4xx_HAL_Driver/Src/stm32f4xx_hal_uart.o

.debug_macro    0x0000000000000000    0x1cdd9
 .debug_macro   0x0000000000000000       0x6d ./COM_interpreter/Src/JY901_Interpreter.o
 .debug_macro   0x000000000000006d       0x6d ./COM_interpreter/Src/Servo_Interpreter.o
 .debug_macro   0x00000000000000da       0x6d ./COM_interpreter/Src/raspi_Interpreter.o
 .debug_macro   0x0000000000000147      0x1fb ./Core/Src/main.o
 .debug_macro   0x0000000000000342      0x29b ./Core/Src/main.o
 .debug_macro   0x00000000000005dd       0x2e ./Core/Src/main.o
 .debug_macro   0x000000000000060b       0x2f ./Core/Src/main.o
 .debug_macro   0x000000000000063a       0x1c ./Core/Src/main.o
 .debug_macro   0x0000000000000656       0x22 ./Core/Src/main.o
 .debug_macro   0x0000000000000678       0xdf ./Core/Src/main.o
 .debug_macro   0x0000000000000757     0x102d ./Core/Src/main.o
 .debug_macro   0x0000000000001784      0x11f ./Core/Src/main.o
 .debug_macro   0x00000000000018a3    0x1426d ./Core/Src/main.o
 .debug_macro   0x0000000000015b10       0x6d ./Core/Src/main.o
 .debug_macro   0x0000000000015b7d     0x3666 ./Core/Src/main.o
 .debug_macro   0x00000000000191e3      0x174 ./Core/Src/main.o
 .debug_macro   0x0000000000019357       0x5c ./Core/Src/main.o
 .debug_macro   0x00000000000193b3      0x8a7 ./Core/Src/main.o
 .debug_macro   0x0000000000019c5a      0x9fe ./Core/Src/main.o
 .debug_macro   0x000000000001a658      0x116 ./Core/Src/main.o
 .debug_macro   0x000000000001a76e      0x130 ./Core/Src/main.o
 .debug_macro   0x000000000001a89e       0xa5 ./Core/Src/main.o
 .debug_macro   0x000000000001a943      0x174 ./Core/Src/main.o
 .debug_macro   0x000000000001aab7      0x287 ./Core/Src/main.o
 .debug_macro   0x000000000001ad3e       0x5f ./Core/Src/main.o
 .debug_macro   0x000000000001ad9d      0x236 ./Core/Src/main.o
 .debug_macro   0x000000000001afd3      0x12c ./Core/Src/main.o
 .debug_macro   0x000000000001b0ff      0x21e ./Core/Src/main.o
 .debug_macro   0x000000000001b31d       0x2e ./Core/Src/main.o
 .debug_macro   0x000000000001b34b      0x11a ./Core/Src/main.o
 .debug_macro   0x000000000001b465       0x7e ./Core/Src/main.o
 .debug_macro   0x000000000001b4e3       0x89 ./Core/Src/main.o
 .debug_macro   0x000000000001b56c      0x225 ./Core/Src/main.o
 .debug_macro   0x000000000001b791      0x295 ./Core/Src/main.o
 .debug_macro   0x000000000001ba26      0x12d ./Core/Src/main.o
 .debug_macro   0x000000000001bb53       0x10 ./Core/Src/main.o
 .debug_macro   0x000000000001bb63      0x1d3 ./Core/Src/stm32f4xx_hal_msp.o
 .debug_macro   0x000000000001bd36      0x1dd ./Core/Src/stm32f4xx_it.o
 .debug_macro   0x000000000001bf13      0x1ca ./Core/Src/system_stm32f4xx.o
 .debug_macro   0x000000000001c0dd      0x224 ./Drivers/STM32F4xx_HAL_Driver/Src/stm32f4xx_hal.o
 .debug_macro   0x000000000001c301      0x1c4 ./Drivers/STM32F4xx_HAL_Driver/Src/stm32f4xx_hal_cortex.o
 .debug_macro   0x000000000001c4c5      0x1ca ./Drivers/STM32F4xx_HAL_Driver/Src/stm32f4xx_hal_dma.o
 .debug_macro   0x000000000001c68f      0x1ca ./Drivers/STM32F4xx_HAL_Driver/Src/stm32f4xx_hal_gpio.o
 .debug_macro   0x000000000001c859      0x1e8 ./Drivers/STM32F4xx_HAL_Driver/Src/stm32f4xx_hal_rcc.o
 .debug_macro   0x000000000001ca41      0x1d3 ./Drivers/STM32F4xx_HAL_Driver/Src/stm32f4xx_hal_spi.o
 .debug_macro   0x000000000001cc14      0x1c5 ./Drivers/STM32F4xx_HAL_Driver/Src/stm32f4xx_hal_uart.o

.debug_line     0x0000000000000000     0xbfd7
 .debug_line    0x0000000000000000      0x5dd ./COM_interpreter/Src/JY901_Interpreter.o
 .debug_line    0x00000000000005dd      0x54f ./COM_interpreter/Src/Servo_Interpreter.o
 .debug_line    0x0000000000000b2c      0x914 ./COM_interpreter/Src/raspi_Interpreter.o
 .debug_line    0x0000000000001440      0xd76 ./Core/Src/main.o
 .debug_line    0x00000000000021b6      0xa28 ./Core/Src/stm32f4xx_hal_msp.o
 .debug_line    0x0000000000002bde      0x91f ./Core/Src/stm32f4xx_it.o
 .debug_line    0x00000000000034fd      0x734 ./Core/Src/system_stm32f4xx.o
 .debug_line    0x0000000000003c31       0x85 ./Core/Startup/startup_stm32f405rgtx.o
 .debug_line    0x0000000000003cb6      0x994 ./Drivers/STM32F4xx_HAL_Driver/Src/stm32f4xx_hal.o
 .debug_line    0x000000000000464a      0xc43 ./Drivers/STM32F4xx_HAL_Driver/Src/stm32f4xx_hal_cortex.o
 .debug_line    0x000000000000528d      0xef9 ./Drivers/STM32F4xx_HAL_Driver/Src/stm32f4xx_hal_dma.o
 .debug_line    0x0000000000006186      0xb0a ./Drivers/STM32F4xx_HAL_Driver/Src/stm32f4xx_hal_gpio.o
 .debug_line    0x0000000000006c90      0xd10 ./Drivers/STM32F4xx_HAL_Driver/Src/stm32f4xx_hal_rcc.o
 .debug_line    0x00000000000079a0     0x1c1c ./Drivers/STM32F4xx_HAL_Driver/Src/stm32f4xx_hal_spi.o
 .debug_line    0x00000000000095bc     0x2a1b ./Drivers/STM32F4xx_HAL_Driver/Src/stm32f4xx_hal_uart.o

.debug_str      0x0000000000000000    0xb5ffa
 .debug_str     0x0000000000000000     0x3bec ./COM_interpreter/Src/JY901_Interpreter.o
                                       0x3d58 (size before relaxing)
 .debug_str     0x0000000000003bec       0xed ./COM_interpreter/Src/Servo_Interpreter.o
                                       0x3dc9 (size before relaxing)
 .debug_str     0x0000000000003cd9       0xf3 ./COM_interpreter/Src/raspi_Interpreter.o
                                       0x3de1 (size before relaxing)
 .debug_str     0x0000000000003dcc    0xb03ab ./Core/Src/main.o
                                      0xb42ab (size before relaxing)
 .debug_str     0x00000000000b4177       0x72 ./Core/Src/stm32f4xx_hal_msp.o
                                      0xb3d3b (size before relaxing)
 .debug_str     0x00000000000b41e9      0x245 ./Core/Src/stm32f4xx_it.o
                                      0xb38ce (size before relaxing)
 .debug_str     0x00000000000b442e       0xc4 ./Core/Src/system_stm32f4xx.o
                                      0xb3174 (size before relaxing)
 .debug_str     0x00000000000b44f2       0x36 ./Core/Startup/startup_stm32f405rgtx.o
                                         0x5a (size before relaxing)
 .debug_str     0x00000000000b4528      0x571 ./Drivers/STM32F4xx_HAL_Driver/Src/stm32f4xx_hal.o
                                      0xb3c20 (size before relaxing)
 .debug_str     0x00000000000b4a99      0x399 ./Drivers/STM32F4xx_HAL_Driver/Src/stm32f4xx_hal_cortex.o
                                      0xb3a0f (size before relaxing)
 .debug_str     0x00000000000b4e32      0x31a ./Drivers/STM32F4xx_HAL_Driver/Src/stm32f4xx_hal_dma.o
                                      0xb3589 (size before relaxing)
 .debug_str     0x00000000000b514c      0x15f ./Drivers/STM32F4xx_HAL_Driver/Src/stm32f4xx_hal_gpio.o
                                      0xb3306 (size before relaxing)
 .debug_str     0x00000000000b52ab      0x259 ./Drivers/STM32F4xx_HAL_Driver/Src/stm32f4xx_hal_rcc.o
                                      0xb3561 (size before relaxing)
 .debug_str     0x00000000000b5504      0x53b ./Drivers/STM32F4xx_HAL_Driver/Src/stm32f4xx_hal_spi.o
                                      0xb3a03 (size before relaxing)
 .debug_str     0x00000000000b5a3f      0x5bb ./Drivers/STM32F4xx_HAL_Driver/Src/stm32f4xx_hal_uart.o
                                      0xb3ae7 (size before relaxing)

.comment        0x0000000000000000       0x53
 .comment       0x0000000000000000       0x53 ./COM_interpreter/Src/JY901_Interpreter.o
                                         0x54 (size before relaxing)
 .comment       0x0000000000000053       0x54 ./COM_interpreter/Src/Servo_Interpreter.o
 .comment       0x0000000000000053       0x54 ./COM_interpreter/Src/raspi_Interpreter.o
 .comment       0x0000000000000053       0x54 ./Core/Src/main.o
 .comment       0x0000000000000053       0x54 ./Core/Src/stm32f4xx_hal_msp.o
 .comment       0x0000000000000053       0x54 ./Core/Src/stm32f4xx_it.o
 .comment       0x0000000000000053       0x54 ./Core/Src/system_stm32f4xx.o
 .comment       0x0000000000000053       0x54 ./Drivers/STM32F4xx_HAL_Driver/Src/stm32f4xx_hal.o
 .comment       0x0000000000000053       0x54 ./Drivers/STM32F4xx_HAL_Driver/Src/stm32f4xx_hal_cortex.o
 .comment       0x0000000000000053       0x54 ./Drivers/STM32F4xx_HAL_Driver/Src/stm32f4xx_hal_dma.o
 .comment       0x0000000000000053       0x54 ./Drivers/STM32F4xx_HAL_Driver/Src/stm32f4xx_hal_gpio.o
 .comment       0x0000000000000053       0x54 ./Drivers/STM32F4xx_HAL_Driver/Src/stm32f4xx_hal_rcc.o
 .comment       0x0000000000000053       0x54 ./Drivers/STM32F4xx_HAL_Driver/Src/stm32f4xx_hal_spi.o
 .comment       0x0000000000000053       0x54 ./Drivers/STM32F4xx_HAL_Driver/Src/stm32f4xx_hal_uart.o

.debug_frame    0x0000000000000000     0x2890
 .debug_frame   0x0000000000000000       0x60 ./COM_interpreter/Src/JY901_Interpreter.o
 .debug_frame   0x0000000000000060       0x88 ./COM_interpreter/Src/Servo_Interpreter.o
 .debug_frame   0x00000000000000e8       0xb0 ./COM_interpreter/Src/raspi_Interpreter.o
 .debug_frame   0x0000000000000198      0x224 ./Core/Src/main.o
 .debug_frame   0x00000000000003bc       0xcc ./Core/Src/stm32f4xx_hal_msp.o
 .debug_frame   0x0000000000000488      0x2fc ./Core/Src/stm32f4xx_it.o
 .debug_frame   0x0000000000000784       0x58 ./Core/Src/system_stm32f4xx.o
 .debug_frame   0x00000000000007dc      0x374 ./Drivers/STM32F4xx_HAL_Driver/Src/stm32f4xx_hal.o
 .debug_frame   0x0000000000000b50      0x498 ./Drivers/STM32F4xx_HAL_Driver/Src/stm32f4xx_hal_cortex.o
 .debug_frame   0x0000000000000fe8      0x250 ./Drivers/STM32F4xx_HAL_Driver/Src/stm32f4xx_hal_dma.o
 .debug_frame   0x0000000000001238      0x14c ./Drivers/STM32F4xx_HAL_Driver/Src/stm32f4xx_hal_gpio.o
 .debug_frame   0x0000000000001384      0x1f0 ./Drivers/STM32F4xx_HAL_Driver/Src/stm32f4xx_hal_rcc.o
 .debug_frame   0x0000000000001574      0x824 ./Drivers/STM32F4xx_HAL_Driver/Src/stm32f4xx_hal_spi.o
 .debug_frame   0x0000000000001d98      0x92c ./Drivers/STM32F4xx_HAL_Driver/Src/stm32f4xx_hal_uart.o
 .debug_frame   0x00000000000026c4       0x2c c:/st/stm32cubeide_1.6.1/stm32cubeide/plugins/com.st.stm32cube.ide.mcu.externaltools.gnu-tools-for-stm32.9-2020-q2-update.win32_2.0.0.202105311346/tools/bin/../lib/gcc/arm-none-eabi/9.3.1/../../../../arm-none-eabi/lib/thumb/v7e-m+fp/hard\libc_nano.a(lib_a-init.o)
 .debug_frame   0x00000000000026f0       0x20 c:/st/stm32cubeide_1.6.1/stm32cubeide/plugins/com.st.stm32cube.ide.mcu.externaltools.gnu-tools-for-stm32.9-2020-q2-update.win32_2.0.0.202105311346/tools/bin/../lib/gcc/arm-none-eabi/9.3.1/../../../../arm-none-eabi/lib/thumb/v7e-m+fp/hard\libc_nano.a(lib_a-memset.o)
 .debug_frame   0x0000000000002710       0xac c:/st/stm32cubeide_1.6.1/stm32cubeide/plugins/com.st.stm32cube.ide.mcu.externaltools.gnu-tools-for-stm32.9-2020-q2-update.win32_2.0.0.202105311346/tools/bin/../lib/gcc/arm-none-eabi/9.3.1/thumb/v7e-m+fp/hard\libgcc.a(_arm_addsubdf3.o)
 .debug_frame   0x00000000000027bc       0x50 c:/st/stm32cubeide_1.6.1/stm32cubeide/plugins/com.st.stm32cube.ide.mcu.externaltools.gnu-tools-for-stm32.9-2020-q2-update.win32_2.0.0.202105311346/tools/bin/../lib/gcc/arm-none-eabi/9.3.1/thumb/v7e-m+fp/hard\libgcc.a(_arm_muldivdf3.o)
 .debug_frame   0x000000000000280c       0x24 c:/st/stm32cubeide_1.6.1/stm32cubeide/plugins/com.st.stm32cube.ide.mcu.externaltools.gnu-tools-for-stm32.9-2020-q2-update.win32_2.0.0.202105311346/tools/bin/../lib/gcc/arm-none-eabi/9.3.1/thumb/v7e-m+fp/hard\libgcc.a(_arm_fixdfsi.o)
 .debug_frame   0x0000000000002830       0x2c c:/st/stm32cubeide_1.6.1/stm32cubeide/plugins/com.st.stm32cube.ide.mcu.externaltools.gnu-tools-for-stm32.9-2020-q2-update.win32_2.0.0.202105311346/tools/bin/../lib/gcc/arm-none-eabi/9.3.1/thumb/v7e-m+fp/hard\libgcc.a(_aeabi_uldivmod.o)
 .debug_frame   0x000000000000285c       0x34 c:/st/stm32cubeide_1.6.1/stm32cubeide/plugins/com.st.stm32cube.ide.mcu.externaltools.gnu-tools-for-stm32.9-2020-q2-update.win32_2.0.0.202105311346/tools/bin/../lib/gcc/arm-none-eabi/9.3.1/thumb/v7e-m+fp/hard\libgcc.a(_udivmoddi4.o)
