main.c:121:6:HAL_UART_TxCpltCallback	16	static
main.c:136:6:HAL_UART_RxCpltCallback	24	static
main.c:154:6:HAL_UART_ErrorCallback	24	static
main.c:179:6:HAL_SPI_ErrorCallback	24	static
main.c:185:6:HAL_SPI_TxRxCpltCallback	16	static
main.c:198:5:main	56	static
main.c:459:6:SystemClock_Config	88	static
main.c:503:13:MX_SPI1_Init	8	static
main.c:540:13:MX_UART4_Init	8	static
main.c:573:13:MX_UART5_Init	8	static
main.c:606:13:MX_USART1_UART_Init	8	static
main.c:639:13:MX_USART2_UART_Init	8	static
main.c:672:13:MX_USART3_UART_Init	8	static
main.c:703:13:MX_DMA_Init	16	static
main.c:755:13:MX_GPIO_Init	48	static
main.c:786:6:Error_Handler	4	static,ignoring_inline_asm
