Archive member included to satisfy reference by file (symbol)

d:/st/stm32cubeide_1.6.1/stm32cubeide/plugins/com.st.stm32cube.ide.mcu.externaltools.gnu-tools-for-stm32.9-2020-q2-update.win32_2.0.0.202105311346/tools/bin/../lib/gcc/arm-none-eabi/9.3.1/../../../../arm-none-eabi/lib/thumb/v7e-m+fp/hard\libc_nano.a(lib_a-errno.o)
                              ./Core/Src/syscalls.o (__errno)
d:/st/stm32cubeide_1.6.1/stm32cubeide/plugins/com.st.stm32cube.ide.mcu.externaltools.gnu-tools-for-stm32.9-2020-q2-update.win32_2.0.0.202105311346/tools/bin/../lib/gcc/arm-none-eabi/9.3.1/../../../../arm-none-eabi/lib/thumb/v7e-m+fp/hard\libc_nano.a(lib_a-exit.o)
                              d:/st/stm32cubeide_1.6.1/stm32cubeide/plugins/com.st.stm32cube.ide.mcu.externaltools.gnu-tools-for-stm32.9-2020-q2-update.win32_2.0.0.202105311346/tools/bin/../lib/gcc/arm-none-eabi/9.3.1/../../../../arm-none-eabi/lib/thumb/v7e-m+fp/hard/crt0.o (exit)
d:/st/stm32cubeide_1.6.1/stm32cubeide/plugins/com.st.stm32cube.ide.mcu.externaltools.gnu-tools-for-stm32.9-2020-q2-update.win32_2.0.0.202105311346/tools/bin/../lib/gcc/arm-none-eabi/9.3.1/../../../../arm-none-eabi/lib/thumb/v7e-m+fp/hard\libc_nano.a(lib_a-impure.o)
                              d:/st/stm32cubeide_1.6.1/stm32cubeide/plugins/com.st.stm32cube.ide.mcu.externaltools.gnu-tools-for-stm32.9-2020-q2-update.win32_2.0.0.202105311346/tools/bin/../lib/gcc/arm-none-eabi/9.3.1/../../../../arm-none-eabi/lib/thumb/v7e-m+fp/hard\libc_nano.a(lib_a-exit.o) (_global_impure_ptr)
d:/st/stm32cubeide_1.6.1/stm32cubeide/plugins/com.st.stm32cube.ide.mcu.externaltools.gnu-tools-for-stm32.9-2020-q2-update.win32_2.0.0.202105311346/tools/bin/../lib/gcc/arm-none-eabi/9.3.1/../../../../arm-none-eabi/lib/thumb/v7e-m+fp/hard\libc_nano.a(lib_a-init.o)
                              d:/st/stm32cubeide_1.6.1/stm32cubeide/plugins/com.st.stm32cube.ide.mcu.externaltools.gnu-tools-for-stm32.9-2020-q2-update.win32_2.0.0.202105311346/tools/bin/../lib/gcc/arm-none-eabi/9.3.1/../../../../arm-none-eabi/lib/thumb/v7e-m+fp/hard/crt0.o (__libc_init_array)
d:/st/stm32cubeide_1.6.1/stm32cubeide/plugins/com.st.stm32cube.ide.mcu.externaltools.gnu-tools-for-stm32.9-2020-q2-update.win32_2.0.0.202105311346/tools/bin/../lib/gcc/arm-none-eabi/9.3.1/../../../../arm-none-eabi/lib/thumb/v7e-m+fp/hard\libc_nano.a(lib_a-memset.o)
                              d:/st/stm32cubeide_1.6.1/stm32cubeide/plugins/com.st.stm32cube.ide.mcu.externaltools.gnu-tools-for-stm32.9-2020-q2-update.win32_2.0.0.202105311346/tools/bin/../lib/gcc/arm-none-eabi/9.3.1/../../../../arm-none-eabi/lib/thumb/v7e-m+fp/hard/crt0.o (memset)
d:/st/stm32cubeide_1.6.1/stm32cubeide/plugins/com.st.stm32cube.ide.mcu.externaltools.gnu-tools-for-stm32.9-2020-q2-update.win32_2.0.0.202105311346/tools/bin/../lib/gcc/arm-none-eabi/9.3.1/thumb/v7e-m+fp/hard\libgcc.a(_arm_muldf3.o)
                              ./Core/Src/main.o (__aeabi_dmul)
d:/st/stm32cubeide_1.6.1/stm32cubeide/plugins/com.st.stm32cube.ide.mcu.externaltools.gnu-tools-for-stm32.9-2020-q2-update.win32_2.0.0.202105311346/tools/bin/../lib/gcc/arm-none-eabi/9.3.1/thumb/v7e-m+fp/hard\libgcc.a(_arm_addsubdf3.o)
                              ./COM_interpreter/Src/Servo_Interpreter.o (__aeabi_i2d)
d:/st/stm32cubeide_1.6.1/stm32cubeide/plugins/com.st.stm32cube.ide.mcu.externaltools.gnu-tools-for-stm32.9-2020-q2-update.win32_2.0.0.202105311346/tools/bin/../lib/gcc/arm-none-eabi/9.3.1/thumb/v7e-m+fp/hard\libgcc.a(_arm_muldivdf3.o)
                              ./COM_interpreter/Src/Servo_Interpreter.o (__aeabi_ddiv)
d:/st/stm32cubeide_1.6.1/stm32cubeide/plugins/com.st.stm32cube.ide.mcu.externaltools.gnu-tools-for-stm32.9-2020-q2-update.win32_2.0.0.202105311346/tools/bin/../lib/gcc/arm-none-eabi/9.3.1/thumb/v7e-m+fp/hard\libgcc.a(_arm_fixdfsi.o)
                              ./Core/Src/main.o (__aeabi_d2iz)
d:/st/stm32cubeide_1.6.1/stm32cubeide/plugins/com.st.stm32cube.ide.mcu.externaltools.gnu-tools-for-stm32.9-2020-q2-update.win32_2.0.0.202105311346/tools/bin/../lib/gcc/arm-none-eabi/9.3.1/thumb/v7e-m+fp/hard\libgcc.a(_aeabi_uldivmod.o)
                              ./Drivers/STM32F4xx_HAL_Driver/Src/stm32f4xx_hal_rcc.o (__aeabi_uldivmod)
d:/st/stm32cubeide_1.6.1/stm32cubeide/plugins/com.st.stm32cube.ide.mcu.externaltools.gnu-tools-for-stm32.9-2020-q2-update.win32_2.0.0.202105311346/tools/bin/../lib/gcc/arm-none-eabi/9.3.1/thumb/v7e-m+fp/hard\libgcc.a(_udivmoddi4.o)
                              d:/st/stm32cubeide_1.6.1/stm32cubeide/plugins/com.st.stm32cube.ide.mcu.externaltools.gnu-tools-for-stm32.9-2020-q2-update.win32_2.0.0.202105311346/tools/bin/../lib/gcc/arm-none-eabi/9.3.1/thumb/v7e-m+fp/hard\libgcc.a(_aeabi_uldivmod.o) (__udivmoddi4)
d:/st/stm32cubeide_1.6.1/stm32cubeide/plugins/com.st.stm32cube.ide.mcu.externaltools.gnu-tools-for-stm32.9-2020-q2-update.win32_2.0.0.202105311346/tools/bin/../lib/gcc/arm-none-eabi/9.3.1/thumb/v7e-m+fp/hard\libgcc.a(_dvmd_tls.o)
[...]
Memory Configuration

Name             Origin             Length             Attributes
CCMRAM           0x0000000010000000 0x0000000000010000 xrw
RAM              0x0000000020000000 0x0000000000020000 xrw
FLASH            0x0000000008000000 0x0000000000100000 xr
*default*        0x0000000000000000 0xffffffffffffffff

Linker script and memory map

LOAD d:/st/stm32cubeide_1.6.1/stm32cubeide/plugins/com.st.stm32cube.ide.mcu.externaltools.gnu-tools-for-stm32.9-2020-q2-update.win32_2.0.0.202105311346/tools/bin/../lib/gcc/arm-none-eabi/9.3.1/thumb/v7e-m+fp/hard/crti.o
LOAD d:/st/stm32cubeide_1.6.1/stm32cubeide/plugins/com.st.stm32cube.ide.mcu.externaltools.gnu-tools-for-stm32.9-2020-q2-update.win32_2.0.0.202105311346/tools/bin/../lib/gcc/arm-none-eabi/9.3.1/thumb/v7e-m+fp/hard/crtbegin.o
LOAD d:/st/stm32cubeide_1.6.1/stm32cubeide/plugins/com.st.stm32cube.ide.mcu.externaltools.gnu-tools-for-stm32.9-2020-q2-update.win32_2.0.0.202105311346/tools/bin/../lib/gcc/arm-none-eabi/9.3.1/../../../../arm-none-eabi/lib/thumb/v7e-m+fp/hard/crt0.o
LOAD ./COM_interpreter/Src/JY901_Interpreter.o
LOAD ./COM_interpreter/Src/Servo_Interpreter.o
LOAD ./COM_interpreter/Src/raspi_Interpreter.o
LOAD ./Core/Src/main.o
LOAD ./Core/Src/stm32f4xx_hal_msp.o
LOAD ./Core/Src/stm32f4xx_it.o
LOAD ./Core/Src/syscalls.o
LOAD ./Core/Src/sysmem.o
LOAD ./Core/Src/system_stm32f4xx.o
LOAD ./Core/Startup/startup_stm32f405rgtx.o
LOAD ./Drivers/STM32F4xx_HAL_Driver/Src/stm32f4xx_hal.o
LOAD ./Drivers/STM32F4xx_HAL_Driver/Src/stm32f4xx_hal_cortex.o
LOAD ./Drivers/STM32F4xx_HAL_Driver/Src/stm32f4xx_hal_dma.o
LOAD ./Drivers/STM32F4xx_HAL_Driver/Src/stm32f4xx_hal_dma_ex.o
LOAD ./Drivers/STM32F4xx_HAL_Driver/Src/stm32f4xx_hal_exti.o
LOAD ./Drivers/STM32F4xx_HAL_Driver/Src/stm32f4xx_hal_flash.o
LOAD ./Drivers/STM32F4xx_HAL_Driver/Src/stm32f4xx_hal_flash_ex.o
LOAD ./Drivers/STM32F4xx_HAL_Driver/Src/stm32f4xx_hal_flash_ramfunc.o
LOAD ./Drivers/STM32F4xx_HAL_Driver/Src/stm32f4xx_hal_gpio.o
LOAD ./Drivers/STM32F4xx_HAL_Driver/Src/stm32f4xx_hal_pwr.o
LOAD ./Drivers/STM32F4xx_HAL_Driver/Src/stm32f4xx_hal_pwr_ex.o
LOAD ./Drivers/STM32F4xx_HAL_Driver/Src/stm32f4xx_hal_rcc.o
LOAD ./Drivers/STM32F4xx_HAL_Driver/Src/stm32f4xx_hal_rcc_ex.o
LOAD ./Drivers/STM32F4xx_HAL_Driver/Src/stm32f4xx_hal_spi.o
LOAD ./Drivers/STM32F4xx_HAL_Driver/Src/stm32f4xx_hal_tim.o
LOAD ./Drivers/STM32F4xx_HAL_Driver/Src/stm32f4xx_hal_tim_ex.o
LOAD ./Drivers/STM32F4xx_HAL_Driver/Src/stm32f4xx_hal_uart.o
START GROUP
LOAD d:/st/stm32cubeide_1.6.1/stm32cubeide/plugins/com.st.stm32cube.ide.mcu.externaltools.gnu-tools-for-stm32.9-2020-q2-update.win32_2.0.0.202105311346/tools/bin/../lib/gcc/arm-none-eabi/9.3.1/../../../../arm-none-eabi/lib/thumb/v7e-m+fp/hard\libc_nano.a
LOAD d:/st/stm32cubeide_1.6.1/stm32cubeide/plugins/com.st.stm32cube.ide.mcu.externaltools.gnu-tools-for-stm32.9-2020-q2-update.win32_2.0.0.202105311346/tools/bin/../lib/gcc/arm-none-eabi/9.3.1/../../../../arm-none-eabi/lib/thumb/v7e-m+fp/hard\libm.a
END GROUP
START GROUP
LOAD d:/st/stm32cubeide_1.6.1/stm32cubeide/plugins/com.st.stm32cube.ide.mcu.externaltools.gnu-tools-for-stm32.9-2020-q2-update.win32_2.0.0.202105311346/tools/bin/../lib/gcc/arm-none-eabi/9.3.1/thumb/v7e-m+fp/hard\libgcc.a
LOAD d:/st/stm32cubeide_1.6.1/stm32cubeide/plugins/com.st.stm32cube.ide.mcu.externaltools.gnu-tools-for-stm32.9-2020-q2-update.win32_2.0.0.202105311346/tools/bin/../lib/gcc/arm-none-eabi/9.3.1/../../../../arm-none-eabi/lib/thumb/v7e-m+fp/hard\libc_nano.a
END GROUP
START GROUP
LOAD d:/st/stm32cubeide_1.6.1/stm32cubeide/plugins/com.st.stm32cube.ide.mcu.externaltools.gnu-tools-for-stm32.9-2020-q2-update.win32_2.0.0.202105311346/tools/bin/../lib/gcc/arm-none-eabi/9.3.1/thumb/v7e-m+fp/hard\libgcc.a
LOAD d:/st/stm32cubeide_1.6.1/stm32cubeide/plugins/com.st.stm32cube.ide.mcu.externaltools.gnu-tools-for-stm32.9-2020-q2-update.win32_2.0.0.202105311346/tools/bin/../lib/gcc/arm-none-eabi/9.3.1/../../../../arm-none-eabi/lib/thumb/v7e-m+fp/hard\libc_nano.a
LOAD d:/st/stm32cubeide_1.6.1/stm32cubeide/plugins/com.st.stm32cube.ide.mcu.externaltools.gnu-tools-for-stm32.9-2020-q2-update.win32_2.0.0.202105311346/tools/bin/../lib/gcc/arm-none-eabi/9.3.1/../../../../arm-none-eabi/lib/thumb/v7e-m+fp/hard\libnosys.a
END GROUP
START GROUP
LOAD d:/st/stm32cubeide_1.6.1/stm32cubeide/plugins/com.st.stm32cube.ide.mcu.externaltools.gnu-tools-for-stm32.9-2020-q2-update.win32_2.0.0.202105311346/tools/bin/../lib/gcc/arm-none-eabi/9.3.1/thumb/v7e-m+fp/hard\libgcc.a
LOAD d:/st/stm32cubeide_1.6.1/stm32cubeide/plugins/com.st.stm32cube.ide.mcu.externaltools.gnu-tools-for-stm32.9-2020-q2-update.win32_2.0.0.202105311346/tools/bin/../lib/gcc/arm-none-eabi/9.3.1/../../../../arm-none-eabi/lib/thumb/v7e-m+fp/hard\libc_nano.a
LOAD d:/st/stm32cubeide_1.6.1/stm32cubeide/plugins/com.st.stm32cube.ide.mcu.externaltools.gnu-tools-for-stm32.9-2020-q2-update.win32_2.0.0.202105311346/tools/bin/../lib/gcc/arm-none-eabi/9.3.1/../../../../arm-none-eabi/lib/thumb/v7e-m+fp/hard\libnosys.a
END GROUP
LOAD d:/st/stm32cubeide_1.6.1/stm32cubeide/plugins/com.st.stm32cube.ide.mcu.externaltools.gnu-tools-for-stm32.9-2020-q2-update.win32_2.0.0.202105311346/tools/bin/../lib/gcc/arm-none-eabi/9.3.1/thumb/v7e-m+fp/hard/crtend.o
LOAD d:/st/stm32cubeide_1.6.1/stm32cubeide/plugins/com.st.stm32cube.ide.mcu.externaltools.gnu-tools-for-stm32.9-2020-q2-update.win32_2.0.0.202105311346/tools/bin/../lib/gcc/arm-none-eabi/9.3.1/thumb/v7e-m+fp/hard/crtn.o
                0x0000000020020000                _estack = (ORIGIN (RAM) + LENGTH (RAM))
                0x0000000000000200                _Min_Heap_Size = 0x200
                0x0000000000000400                _Min_Stack_Size = 0x400

.isr_vector     0x0000000008000000      0x188
                0x0000000008000000                . = ALIGN (0x4)
 *(.isr_vector)
 .isr_vector    0x0000000008000000      0x188 ./Core/Startup/startup_stm32f405rgtx.o
                0x0000000008000000                g_pfnVectors
                0x0000000008000188                . = ALIGN (0x4)

.text           0x0000000008000188     0x5f6c
                0x0000000008000188                . = ALIGN (0x4)
 *(.text)
 .text          0x0000000008000188       0x40 d:/st/stm32cubeide_1.6.1/stm32cubeide/plugins/com.st.stm32cube.ide.mcu.externaltools.gnu-tools-for-stm32.9-2020-q2-update.win32_2.0.0.202105311346/tools/bin/../lib/gcc/arm-none-eabi/9.3.1/thumb/v7e-m+fp/hard/crtbegin.o
 .text          0x00000000080001c8      0x378 d:/st/stm32cubeide_1.6.1/stm32cubeide/plugins/com.st.stm32cube.ide.mcu.externaltools.gnu-tools-for-stm32.9-2020-q2-update.win32_2.0.0.202105311346/tools/bin/../lib/gcc/arm-none-eabi/9.3.1/thumb/v7e-m+fp/hard\libgcc.a(_arm_addsubdf3.o)
                0x00000000080001c8                __aeabi_drsub
                0x00000000080001d0                __aeabi_dsub
                0x00000000080001d0                __subdf3
                0x00000000080001d4                __aeabi_dadd
                0x00000000080001d4                __adddf3
                0x000000000800044c                __floatunsidf
                0x000000000800044c                __aeabi_ui2d
                0x000000000800046c                __floatsidf
                0x000000000800046c                __aeabi_i2d
                0x0000000008000490                __aeabi_f2d
                0x0000000008000490                __extendsfdf2
                0x00000000080004d4                __floatundidf
                0x00000000080004d4                __aeabi_ul2d
                0x00000000080004e4                __floatdidf
                0x00000000080004e4                __aeabi_l2d
 .text          0x0000000008000540      0x424 d:/st/stm32cubeide_1.6.1/stm32cubeide/plugins/com.st.stm32cube.ide.mcu.externaltools.gnu-tools-for-stm32.9-2020-q2-update.win32_2.0.0.202105311346/tools/bin/../lib/gcc/arm-none-eabi/9.3.1/thumb/v7e-m+fp/hard\libgcc.a(_arm_muldivdf3.o)
                0x0000000008000540                __aeabi_dmul
                0x0000000008000540                __muldf3
                0x0000000008000794                __divdf3
                0x0000000008000794                __aeabi_ddiv
 .text          0x0000000008000964       0x50 d:/st/stm32cubeide_1.6.1/stm32cubeide/plugins/com.st.stm32cube.ide.mcu.externaltools.gnu-tools-for-stm32.9-2020-q2-update.win32_2.0.0.202105311346/tools/bin/../lib/gcc/arm-none-eabi/9.3.1/thumb/v7e-m+fp/hard\libgcc.a(_arm_fixdfsi.o)
                0x0000000008000964                __aeabi_d2iz
                0x0000000008000964                __fixdfsi
 .text          0x00000000080009b4       0x30 d:/st/stm32cubeide_1.6.1/stm32cubeide/plugins/com.st.stm32cube.ide.mcu.externaltools.gnu-tools-for-stm32.9-2020-q2-update.win32_2.0.0.202105311346/tools/bin/../lib/gcc/arm-none-eabi/9.3.1/thumb/v7e-m+fp/hard\libgcc.a(_aeabi_uldivmod.o)
                0x00000000080009b4                __aeabi_uldivmod
 .text          0x00000000080009e4      0x2c4 d:/st/stm32cubeide_1.6.1/stm32cubeide/plugins/com.st.stm32cube.ide.mcu.externaltools.gnu-tools-for-stm32.9-2020-q2-update.win32_2.0.0.202105311346/tools/bin/../lib/gcc/arm-none-eabi/9.3.1/thumb/v7e-m+fp/hard\libgcc.a(_udivmoddi4.o)
                0x00000000080009e4                __udivmoddi4
 .text          0x0000000008000ca8        0x4 d:/st/stm32cubeide_1.6.1/stm32cubeide/plugins/com.st.stm32cube.ide.mcu.externaltools.gnu-tools-for-stm32.9-2020-q2-update.win32_2.0.0.202105311346/tools/bin/../lib/gcc/arm-none-eabi/9.3.1/thumb/v7e-m+fp/hard\libgcc.a(_dvmd_tls.o)
                0x0000000008000ca8                __aeabi_idiv0
                0x0000000008000ca8                __aeabi_ldiv0
 *(.text*)
 .text.JY901_genAskCmd
                0x0000000008000cac       0x4a ./COM_interpreter/Src/JY901_Interpreter.o
                0x0000000008000cac                JY901_genAskCmd
 .text.JY901_FBdecoder
                0x0000000008000cf6      0x27e ./COM_interpreter/Src/JY901_Interpreter.o
                0x0000000008000cf6                JY901_FBdecoder
 .text.genAngleAskCmd
                0x0000000008000f74       0x7c ./COM_interpreter/Src/Servo_Interpreter.o
                0x0000000008000f74                genAngleAskCmd
 .text.recAngleCmdDecode
                0x0000000008000ff0       0xf8 ./COM_interpreter/Src/Servo_Interpreter.o
                0x0000000008000ff0                recAngleCmdDecode
 .text.genSetAngleCmd
                0x00000000080010e8       0xd4 ./COM_interpreter/Src/Servo_Interpreter.o
                0x00000000080010e8                genSetAngleCmd
 .text.raspiCMDdecoder
                0x00000000080011bc      0x2d0 ./COM_interpreter/Src/raspi_Interpreter.o
                0x00000000080011bc                raspiCMDdecoder
 .text.genAngleBackCmd
                0x000000000800148c       0xe4 ./COM_interpreter/Src/raspi_Interpreter.o
                0x000000000800148c                genAngleBackCmd
 .text.HAL_UART_TxCpltCallback
                0x0000000008001570       0x84 ./Core/Src/main.o
                0x0000000008001570                HAL_UART_TxCpltCallback
 .text.HAL_UART_RxCpltCallback
                0x00000000080015f4       0xac ./Core/Src/main.o
                0x00000000080015f4                HAL_UART_RxCpltCallback
 .text.HAL_UART_ErrorCallback
                0x00000000080016a0       0xa4 ./Core/Src/main.o
                0x00000000080016a0                HAL_UART_ErrorCallback
 .text.HAL_SPI_ErrorCallback
                0x0000000008001744       0x2a ./Core/Src/main.o
                0x0000000008001744                HAL_SPI_ErrorCallback
 *fill*         0x000000000800176e        0x2 
 .text.HAL_SPI_TxRxCpltCallback
                0x0000000008001770       0x5c ./Core/Src/main.o
                0x0000000008001770                HAL_SPI_TxRxCpltCallback
 .text.main     0x00000000080017cc      0x77c ./Core/Src/main.o
                0x00000000080017cc                main
 .text.SystemClock_Config
                0x0000000008001f48       0xd4 ./Core/Src/main.o
                0x0000000008001f48                SystemClock_Config
 .text.MX_SPI1_Init
                0x000000000800201c       0x64 ./Core/Src/main.o
 .text.MX_UART4_Init
                0x0000000008002080       0x54 ./Core/Src/main.o
 .text.MX_UART5_Init
                0x00000000080020d4       0x54 ./Core/Src/main.o
 .text.MX_USART1_UART_Init
                0x0000000008002128       0x54 ./Core/Src/main.o
 .text.MX_USART2_UART_Init
                0x000000000800217c       0x54 ./Core/Src/main.o
 .text.MX_USART3_UART_Init
                0x00000000080021d0       0x54 ./Core/Src/main.o
 .text.MX_DMA_Init
                0x0000000008002224      0x10c ./Core/Src/main.o
 .text.MX_GPIO_Init
                0x0000000008002330       0xd8 ./Core/Src/main.o
 .text.Error_Handler
                0x0000000008002408       0x12 ./Core/Src/main.o
                0x0000000008002408                Error_Handler
 *fill*         0x000000000800241a        0x2 
 .text.HAL_MspInit
                0x000000000800241c       0x50 ./Core/Src/stm32f4xx_hal_msp.o
                0x000000000800241c                HAL_MspInit
 .text.HAL_SPI_MspInit
                0x000000000800246c      0x168 ./Core/Src/stm32f4xx_hal_msp.o
                0x000000000800246c                HAL_SPI_MspInit
 .text.HAL_UART_MspInit
                0x00000000080025d4      0x714 ./Core/Src/stm32f4xx_hal_msp.o
                0x00000000080025d4                HAL_UART_MspInit
 .text.NMI_Handler
                0x0000000008002ce8        0x6 ./Core/Src/stm32f4xx_it.o
                0x0000000008002ce8                NMI_Handler
 .text.HardFault_Handler
                0x0000000008002cee        0x6 ./Core/Src/stm32f4xx_it.o
                0x0000000008002cee                HardFault_Handler
 .text.MemManage_Handler
                0x0000000008002cf4        0x6 ./Core/Src/stm32f4xx_it.o
                0x0000000008002cf4                MemManage_Handler
 .text.BusFault_Handler
                0x0000000008002cfa        0x6 ./Core/Src/stm32f4xx_it.o
                0x0000000008002cfa                BusFault_Handler
 .text.UsageFault_Handler
                0x0000000008002d00        0x6 ./Core/Src/stm32f4xx_it.o
                0x0000000008002d00                UsageFault_Handler
 .text.SVC_Handler
                0x0000000008002d06        0xe ./Core/Src/stm32f4xx_it.o
                0x0000000008002d06                SVC_Handler
 .text.DebugMon_Handler
                0x0000000008002d14        0xe ./Core/Src/stm32f4xx_it.o
                0x0000000008002d14                DebugMon_Handler
 .text.PendSV_Handler
                0x0000000008002d22        0xe ./Core/Src/stm32f4xx_it.o
                0x0000000008002d22                PendSV_Handler
 .text.SysTick_Handler
                0x0000000008002d30        0xc ./Core/Src/stm32f4xx_it.o
                0x0000000008002d30                SysTick_Handler
 .text.DMA1_Stream0_IRQHandler
                0x0000000008002d3c       0x14 ./Core/Src/stm32f4xx_it.o
                0x0000000008002d3c                DMA1_Stream0_IRQHandler
 .text.DMA1_Stream1_IRQHandler
                0x0000000008002d50       0x14 ./Core/Src/stm32f4xx_it.o
                0x0000000008002d50                DMA1_Stream1_IRQHandler
 .text.DMA1_Stream2_IRQHandler
                0x0000000008002d64       0x14 ./Core/Src/stm32f4xx_it.o
                0x0000000008002d64                DMA1_Stream2_IRQHandler
 .text.DMA1_Stream3_IRQHandler
                0x0000000008002d78       0x14 ./Core/Src/stm32f4xx_it.o
                0x0000000008002d78                DMA1_Stream3_IRQHandler
 .text.DMA1_Stream4_IRQHandler
                0x0000000008002d8c       0x14 ./Core/Src/stm32f4xx_it.o
                0x0000000008002d8c                DMA1_Stream4_IRQHandler
 .text.DMA1_Stream5_IRQHandler
                0x0000000008002da0       0x14 ./Core/Src/stm32f4xx_it.o
                0x0000000008002da0                DMA1_Stream5_IRQHandler
 .text.DMA1_Stream6_IRQHandler
                0x0000000008002db4       0x14 ./Core/Src/stm32f4xx_it.o
                0x0000000008002db4                DMA1_Stream6_IRQHandler
 .text.SPI1_IRQHandler
                0x0000000008002dc8       0x14 ./Core/Src/stm32f4xx_it.o
                0x0000000008002dc8                SPI1_IRQHandler
 .text.USART1_IRQHandler
                0x0000000008002ddc       0x14 ./Core/Src/stm32f4xx_it.o
                0x0000000008002ddc                USART1_IRQHandler
 .text.USART2_IRQHandler
                0x0000000008002df0       0x14 ./Core/Src/stm32f4xx_it.o
                0x0000000008002df0                USART2_IRQHandler
 .text.USART3_IRQHandler
                0x0000000008002e04       0x14 ./Core/Src/stm32f4xx_it.o
                0x0000000008002e04                USART3_IRQHandler
 .text.DMA1_Stream7_IRQHandler
                0x0000000008002e18       0x14 ./Core/Src/stm32f4xx_it.o
                0x0000000008002e18                DMA1_Stream7_IRQHandler
 .text.UART4_IRQHandler
                0x0000000008002e2c       0x14 ./Core/Src/stm32f4xx_it.o
                0x0000000008002e2c                UART4_IRQHandler
 .text.UART5_IRQHandler
                0x0000000008002e40       0x14 ./Core/Src/stm32f4xx_it.o
                0x0000000008002e40                UART5_IRQHandler
 .text.DMA2_Stream0_IRQHandler
                0x0000000008002e54       0x14 ./Core/Src/stm32f4xx_it.o
                0x0000000008002e54                DMA2_Stream0_IRQHandler
 .text.DMA2_Stream3_IRQHandler
                0x0000000008002e68       0x14 ./Core/Src/stm32f4xx_it.o
                0x0000000008002e68                DMA2_Stream3_IRQHandler
 .text.DMA2_Stream5_IRQHandler
                0x0000000008002e7c       0x14 ./Core/Src/stm32f4xx_it.o
                0x0000000008002e7c                DMA2_Stream5_IRQHandler
 .text.DMA2_Stream7_IRQHandler
                0x0000000008002e90       0x14 ./Core/Src/stm32f4xx_it.o
                0x0000000008002e90                DMA2_Stream7_IRQHandler
 .text.SystemInit
                0x0000000008002ea4       0x2c ./Core/Src/system_stm32f4xx.o
                0x0000000008002ea4                SystemInit
 .text.Reset_Handler
                0x0000000008002ed0       0x50 ./Core/Startup/startup_stm32f405rgtx.o
                0x0000000008002ed0                Reset_Handler
 .text.Default_Handler
                0x0000000008002f20        0x2 ./Core/Startup/startup_stm32f405rgtx.o
                0x0000000008002f20                RTC_Alarm_IRQHandler
                0x0000000008002f20                HASH_RNG_IRQHandler
                0x0000000008002f20                EXTI2_IRQHandler
                0x0000000008002f20                TIM8_CC_IRQHandler
                0x0000000008002f20                TIM1_CC_IRQHandler
                0x0000000008002f20                PVD_IRQHandler
                0x0000000008002f20                SDIO_IRQHandler
                0x0000000008002f20                TAMP_STAMP_IRQHandler
                0x0000000008002f20                CAN2_RX1_IRQHandler
                0x0000000008002f20                EXTI3_IRQHandler
                0x0000000008002f20                TIM8_TRG_COM_TIM14_IRQHandler
                0x0000000008002f20                TIM1_UP_TIM10_IRQHandler
                0x0000000008002f20                TIM8_UP_TIM13_IRQHandler
                0x0000000008002f20                I2C3_ER_IRQHandler
                0x0000000008002f20                EXTI0_IRQHandler
                0x0000000008002f20                I2C2_EV_IRQHandler
                0x0000000008002f20                CAN1_RX0_IRQHandler
                0x0000000008002f20                FPU_IRQHandler
                0x0000000008002f20                OTG_HS_WKUP_IRQHandler
                0x0000000008002f20                CAN2_SCE_IRQHandler
                0x0000000008002f20                DMA2_Stream2_IRQHandler
                0x0000000008002f20                TIM6_DAC_IRQHandler
                0x0000000008002f20                TIM1_BRK_TIM9_IRQHandler
                0x0000000008002f20                CAN2_RX0_IRQHandler
                0x0000000008002f20                USART6_IRQHandler
                0x0000000008002f20                CAN1_RX1_IRQHandler
                0x0000000008002f20                TIM4_IRQHandler
                0x0000000008002f20                I2C1_EV_IRQHandler
                0x0000000008002f20                TIM3_IRQHandler
                0x0000000008002f20                RCC_IRQHandler
                0x0000000008002f20                TIM8_BRK_TIM12_IRQHandler
                0x0000000008002f20                Default_Handler
                0x0000000008002f20                EXTI15_10_IRQHandler
                0x0000000008002f20                ADC_IRQHandler
                0x0000000008002f20                TIM7_IRQHandler
                0x0000000008002f20                CAN2_TX_IRQHandler
                0x0000000008002f20                TIM5_IRQHandler
                0x0000000008002f20                I2C3_EV_IRQHandler
                0x0000000008002f20                EXTI9_5_IRQHandler
                0x0000000008002f20                RTC_WKUP_IRQHandler
                0x0000000008002f20                SPI2_IRQHandler
                0x0000000008002f20                OTG_HS_EP1_IN_IRQHandler
                0x0000000008002f20                CAN1_TX_IRQHandler
                0x0000000008002f20                EXTI4_IRQHandler
                0x0000000008002f20                FSMC_IRQHandler
                0x0000000008002f20                OTG_HS_EP1_OUT_IRQHandler
                0x0000000008002f20                WWDG_IRQHandler
                0x0000000008002f20                TIM2_IRQHandler
                0x0000000008002f20                OTG_FS_WKUP_IRQHandler
                0x0000000008002f20                TIM1_TRG_COM_TIM11_IRQHandler
                0x0000000008002f20                OTG_HS_IRQHandler
                0x0000000008002f20                EXTI1_IRQHandler
                0x0000000008002f20                I2C2_ER_IRQHandler
                0x0000000008002f20                DMA2_Stream1_IRQHandler
                0x0000000008002f20                CAN1_SCE_IRQHandler
                0x0000000008002f20                FLASH_IRQHandler
                0x0000000008002f20                DMA2_Stream4_IRQHandler
                0x0000000008002f20                OTG_FS_IRQHandler
                0x0000000008002f20                SPI3_IRQHandler
                0x0000000008002f20                I2C1_ER_IRQHandler
                0x0000000008002f20                DMA2_Stream6_IRQHandler
 *fill*         0x0000000008002f22        0x2 
 .text.HAL_Init
                0x0000000008002f24       0x44 ./Drivers/STM32F4xx_HAL_Driver/Src/stm32f4xx_hal.o
                0x0000000008002f24                HAL_Init
 .text.HAL_InitTick
                0x0000000008002f68       0x60 ./Drivers/STM32F4xx_HAL_Driver/Src/stm32f4xx_hal.o
                0x0000000008002f68                HAL_InitTick
 .text.HAL_IncTick
                0x0000000008002fc8       0x28 ./Drivers/STM32F4xx_HAL_Driver/Src/stm32f4xx_hal.o
                0x0000000008002fc8                HAL_IncTick
 .text.HAL_GetTick
                0x0000000008002ff0       0x18 ./Drivers/STM32F4xx_HAL_Driver/Src/stm32f4xx_hal.o
                0x0000000008002ff0                HAL_GetTick
 .text.HAL_Delay
                0x0000000008003008       0x48 ./Drivers/STM32F4xx_HAL_Driver/Src/stm32f4xx_hal.o
                0x0000000008003008                HAL_Delay
 .text.__NVIC_SetPriorityGrouping
                0x0000000008003050       0x48 ./Drivers/STM32F4xx_HAL_Driver/Src/stm32f4xx_hal_cortex.o
 .text.__NVIC_GetPriorityGrouping
                0x0000000008003098       0x1c ./Drivers/STM32F4xx_HAL_Driver/Src/stm32f4xx_hal_cortex.o
 .text.__NVIC_EnableIRQ
                0x00000000080030b4       0x3c ./Drivers/STM32F4xx_HAL_Driver/Src/stm32f4xx_hal_cortex.o
 .text.__NVIC_SetPriority
                0x00000000080030f0       0x54 ./Drivers/STM32F4xx_HAL_Driver/Src/stm32f4xx_hal_cortex.o
 .text.NVIC_EncodePriority
                0x0000000008003144       0x66 ./Drivers/STM32F4xx_HAL_Driver/Src/stm32f4xx_hal_cortex.o
 *fill*         0x00000000080031aa        0x2 
 .text.SysTick_Config
                0x00000000080031ac       0x44 ./Drivers/STM32F4xx_HAL_Driver/Src/stm32f4xx_hal_cortex.o
 .text.HAL_NVIC_SetPriorityGrouping
                0x00000000080031f0       0x16 ./Drivers/STM32F4xx_HAL_Driver/Src/stm32f4xx_hal_cortex.o
                0x00000000080031f0                HAL_NVIC_SetPriorityGrouping
 .text.HAL_NVIC_SetPriority
                0x0000000008003206       0x38 ./Drivers/STM32F4xx_HAL_Driver/Src/stm32f4xx_hal_cortex.o
                0x0000000008003206                HAL_NVIC_SetPriority
 .text.HAL_NVIC_EnableIRQ
                0x000000000800323e       0x1c ./Drivers/STM32F4xx_HAL_Driver/Src/stm32f4xx_hal_cortex.o
                0x000000000800323e                HAL_NVIC_EnableIRQ
 .text.HAL_SYSTICK_Config
                0x000000000800325a       0x18 ./Drivers/STM32F4xx_HAL_Driver/Src/stm32f4xx_hal_cortex.o
                0x000000000800325a                HAL_SYSTICK_Config
 *fill*         0x0000000008003272        0x2 
 .text.HAL_DMA_Init
                0x0000000008003274      0x15c ./Drivers/STM32F4xx_HAL_Driver/Src/stm32f4xx_hal_dma.o
                0x0000000008003274                HAL_DMA_Init
 .text.HAL_DMA_Start_IT
                0x00000000080033d0       0xb0 ./Drivers/STM32F4xx_HAL_Driver/Src/stm32f4xx_hal_dma.o
                0x00000000080033d0                HAL_DMA_Start_IT
 .text.HAL_DMA_Abort
                0x0000000008003480       0xe0 ./Drivers/STM32F4xx_HAL_Driver/Src/stm32f4xx_hal_dma.o
                0x0000000008003480                HAL_DMA_Abort
 .text.HAL_DMA_Abort_IT
                0x0000000008003560       0x44 ./Drivers/STM32F4xx_HAL_Driver/Src/stm32f4xx_hal_dma.o
                0x0000000008003560                HAL_DMA_Abort_IT
 .text.HAL_DMA_IRQHandler
                0x00000000080035a4      0x314 ./Drivers/STM32F4xx_HAL_Driver/Src/stm32f4xx_hal_dma.o
                0x00000000080035a4                HAL_DMA_IRQHandler
 .text.DMA_SetConfig
                0x00000000080038b8       0x5c ./Drivers/STM32F4xx_HAL_Driver/Src/stm32f4xx_hal_dma.o
 .text.DMA_CalcBaseAndBitshift
                0x0000000008003914       0x6c ./Drivers/STM32F4xx_HAL_Driver/Src/stm32f4xx_hal_dma.o
 .text.DMA_CheckFifoParam
                0x0000000008003980       0xf8 ./Drivers/STM32F4xx_HAL_Driver/Src/stm32f4xx_hal_dma.o
 .text.HAL_GPIO_Init
                0x0000000008003a78      0x338 ./Drivers/STM32F4xx_HAL_Driver/Src/stm32f4xx_hal_gpio.o
                0x0000000008003a78                HAL_GPIO_Init
 .text.HAL_GPIO_WritePin
                0x0000000008003db0       0x32 ./Drivers/STM32F4xx_HAL_Driver/Src/stm32f4xx_hal_gpio.o
                0x0000000008003db0                HAL_GPIO_WritePin
 .text.HAL_GPIO_TogglePin
                0x0000000008003de2       0x34 ./Drivers/STM32F4xx_HAL_Driver/Src/stm32f4xx_hal_gpio.o
                0x0000000008003de2                HAL_GPIO_TogglePin
 *fill*         0x0000000008003e16        0x2 
 .text.HAL_RCC_OscConfig
                0x0000000008003e18      0x4f0 ./Drivers/STM32F4xx_HAL_Driver/Src/stm32f4xx_hal_rcc.o
                0x0000000008003e18                HAL_RCC_OscConfig
 .text.HAL_RCC_ClockConfig
                0x0000000008004308      0x1cc ./Drivers/STM32F4xx_HAL_Driver/Src/stm32f4xx_hal_rcc.o
                0x0000000008004308                HAL_RCC_ClockConfig
 .text.HAL_RCC_GetSysClockFreq
                0x00000000080044d4      0x1c4 ./Drivers/STM32F4xx_HAL_Driver/Src/stm32f4xx_hal_rcc.o
                0x00000000080044d4                HAL_RCC_GetSysClockFreq
 .text.HAL_RCC_GetHCLKFreq
                0x0000000008004698       0x18 ./Drivers/STM32F4xx_HAL_Driver/Src/stm32f4xx_hal_rcc.o
                0x0000000008004698                HAL_RCC_GetHCLKFreq
 .text.HAL_RCC_GetPCLK1Freq
                0x00000000080046b0       0x28 ./Drivers/STM32F4xx_HAL_Driver/Src/stm32f4xx_hal_rcc.o
                0x00000000080046b0                HAL_RCC_GetPCLK1Freq
 .text.HAL_RCC_GetPCLK2Freq
                0x00000000080046d8       0x28 ./Drivers/STM32F4xx_HAL_Driver/Src/stm32f4xx_hal_rcc.o
                0x00000000080046d8                HAL_RCC_GetPCLK2Freq
 .text.HAL_SPI_Init
                0x0000000008004700      0x112 ./Drivers/STM32F4xx_HAL_Driver/Src/stm32f4xx_hal_spi.o
                0x0000000008004700                HAL_SPI_Init
 *fill*         0x0000000008004812        0x2 
 .text.HAL_SPI_TransmitReceive_DMA
                0x0000000008004814      0x204 ./Drivers/STM32F4xx_HAL_Driver/Src/stm32f4xx_hal_spi.o
                0x0000000008004814                HAL_SPI_TransmitReceive_DMA
 .text.HAL_SPI_IRQHandler
                0x0000000008004a18      0x200 ./Drivers/STM32F4xx_HAL_Driver/Src/stm32f4xx_hal_spi.o
                0x0000000008004a18                HAL_SPI_IRQHandler
 .text.HAL_SPI_RxCpltCallback
                0x0000000008004c18       0x14 ./Drivers/STM32F4xx_HAL_Driver/Src/stm32f4xx_hal_spi.o
                0x0000000008004c18                HAL_SPI_RxCpltCallback
 .text.HAL_SPI_RxHalfCpltCallback
                0x0000000008004c2c       0x14 ./Drivers/STM32F4xx_HAL_Driver/Src/stm32f4xx_hal_spi.o
                0x0000000008004c2c                HAL_SPI_RxHalfCpltCallback
 .text.HAL_SPI_TxRxHalfCpltCallback
                0x0000000008004c40       0x14 ./Drivers/STM32F4xx_HAL_Driver/Src/stm32f4xx_hal_spi.o
                0x0000000008004c40                HAL_SPI_TxRxHalfCpltCallback
 .text.SPI_DMAReceiveCplt
                0x0000000008004c54       0xa8 ./Drivers/STM32F4xx_HAL_Driver/Src/stm32f4xx_hal_spi.o
 .text.SPI_DMATransmitReceiveCplt
                0x0000000008004cfc       0x90 ./Drivers/STM32F4xx_HAL_Driver/Src/stm32f4xx_hal_spi.o
 .text.SPI_DMAHalfReceiveCplt
                0x0000000008004d8c       0x1c ./Drivers/STM32F4xx_HAL_Driver/Src/stm32f4xx_hal_spi.o
 .text.SPI_DMAHalfTransmitReceiveCplt
                0x0000000008004da8       0x1c ./Drivers/STM32F4xx_HAL_Driver/Src/stm32f4xx_hal_spi.o
 .text.SPI_DMAError
                0x0000000008004dc4       0x40 ./Drivers/STM32F4xx_HAL_Driver/Src/stm32f4xx_hal_spi.o
 .text.SPI_DMAAbortOnError
                0x0000000008004e04       0x28 ./Drivers/STM32F4xx_HAL_Driver/Src/stm32f4xx_hal_spi.o
 .text.SPI_WaitFlagStateUntilTimeout
                0x0000000008004e2c      0x110 ./Drivers/STM32F4xx_HAL_Driver/Src/stm32f4xx_hal_spi.o
 .text.SPI_EndRxTransaction
                0x0000000008004f3c       0xca ./Drivers/STM32F4xx_HAL_Driver/Src/stm32f4xx_hal_spi.o
 *fill*         0x0000000008005006        0x2 
 .text.SPI_EndRxTxTransaction
                0x0000000008005008       0x84 ./Drivers/STM32F4xx_HAL_Driver/Src/stm32f4xx_hal_spi.o
 .text.HAL_UART_Init
                0x000000000800508c       0x9a ./Drivers/STM32F4xx_HAL_Driver/Src/stm32f4xx_hal_uart.o
                0x000000000800508c                HAL_UART_Init
 .text.HAL_UART_Transmit
                0x0000000008005126      0x124 ./Drivers/STM32F4xx_HAL_Driver/Src/stm32f4xx_hal_uart.o
                0x0000000008005126                HAL_UART_Transmit
 *fill*         0x000000000800524a        0x2 
 .text.HAL_UART_Transmit_DMA
                0x000000000800524c       0xd8 ./Drivers/STM32F4xx_HAL_Driver/Src/stm32f4xx_hal_uart.o
                0x000000000800524c                HAL_UART_Transmit_DMA
 .text.HAL_UART_Receive_DMA
                0x0000000008005324       0x60 ./Drivers/STM32F4xx_HAL_Driver/Src/stm32f4xx_hal_uart.o
                0x0000000008005324                HAL_UART_Receive_DMA
 .text.HAL_UART_IRQHandler
                0x0000000008005384      0x358 ./Drivers/STM32F4xx_HAL_Driver/Src/stm32f4xx_hal_uart.o
                0x0000000008005384                HAL_UART_IRQHandler
 .text.HAL_UART_TxHalfCpltCallback
                0x00000000080056dc       0x14 ./Drivers/STM32F4xx_HAL_Driver/Src/stm32f4xx_hal_uart.o
                0x00000000080056dc                HAL_UART_TxHalfCpltCallback
 .text.HAL_UART_RxHalfCpltCallback
                0x00000000080056f0       0x14 ./Drivers/STM32F4xx_HAL_Driver/Src/stm32f4xx_hal_uart.o
                0x00000000080056f0                HAL_UART_RxHalfCpltCallback
 .text.HAL_UARTEx_RxEventCallback
                0x0000000008005704       0x18 ./Drivers/STM32F4xx_HAL_Driver/Src/stm32f4xx_hal_uart.o
                0x0000000008005704                HAL_UARTEx_RxEventCallback
 .text.UART_DMATransmitCplt
                0x000000000800571c       0x52 ./Drivers/STM32F4xx_HAL_Driver/Src/stm32f4xx_hal_uart.o
 .text.UART_DMATxHalfCplt
                0x000000000800576e       0x1c ./Drivers/STM32F4xx_HAL_Driver/Src/stm32f4xx_hal_uart.o
 .text.UART_DMAReceiveCplt
                0x000000000800578a       0x96 ./Drivers/STM32F4xx_HAL_Driver/Src/stm32f4xx_hal_uart.o
 .text.UART_DMARxHalfCplt
                0x0000000008005820       0x36 ./Drivers/STM32F4xx_HAL_Driver/Src/stm32f4xx_hal_uart.o
 .text.UART_DMAError
                0x0000000008005856       0x94 ./Drivers/STM32F4xx_HAL_Driver/Src/stm32f4xx_hal_uart.o
 .text.UART_WaitOnFlagUntilTimeout
                0x00000000080058ea       0x94 ./Drivers/STM32F4xx_HAL_Driver/Src/stm32f4xx_hal_uart.o
 *fill*         0x000000000800597e        0x2 
 .text.UART_Start_Receive_DMA
                0x0000000008005980       0xc8 ./Drivers/STM32F4xx_HAL_Driver/Src/stm32f4xx_hal_uart.o
                0x0000000008005980                UART_Start_Receive_DMA
 .text.UART_EndTxTransfer
                0x0000000008005a48       0x2c ./Drivers/STM32F4xx_HAL_Driver/Src/stm32f4xx_hal_uart.o
 .text.UART_EndRxTransfer
                0x0000000008005a74       0x5a ./Drivers/STM32F4xx_HAL_Driver/Src/stm32f4xx_hal_uart.o
 .text.UART_DMAAbortOnError
                0x0000000008005ace       0x28 ./Drivers/STM32F4xx_HAL_Driver/Src/stm32f4xx_hal_uart.o
 .text.UART_Transmit_IT
                0x0000000008005af6       0xa0 ./Drivers/STM32F4xx_HAL_Driver/Src/stm32f4xx_hal_uart.o
 .text.UART_EndTransmit_IT
                0x0000000008005b96       0x30 ./Drivers/STM32F4xx_HAL_Driver/Src/stm32f4xx_hal_uart.o
 .text.UART_Receive_IT
                0x0000000008005bc6      0x12e ./Drivers/STM32F4xx_HAL_Driver/Src/stm32f4xx_hal_uart.o
 .text.UART_SetConfig
                0x0000000008005cf4      0x390 ./Drivers/STM32F4xx_HAL_Driver/Src/stm32f4xx_hal_uart.o
 .text.__libc_init_array
                0x0000000008006084       0x48 d:/st/stm32cubeide_1.6.1/stm32cubeide/plugins/com.st.stm32cube.ide.mcu.externaltools.gnu-tools-for-stm32.9-2020-q2-update.win32_2.0.0.202105311346/tools/bin/../lib/gcc/arm-none-eabi/9.3.1/../../../../arm-none-eabi/lib/thumb/v7e-m+fp/hard\libc_nano.a(lib_a-init.o)
                0x0000000008006084                __libc_init_array
 .text.memset   0x00000000080060cc       0x10 d:/st/stm32cubeide_1.6.1/stm32cubeide/plugins/com.st.stm32cube.ide.mcu.externaltools.gnu-tools-for-stm32.9-2020-q2-update.win32_2.0.0.202105311346/tools/bin/../lib/gcc/arm-none-eabi/9.3.1/../../../../arm-none-eabi/lib/thumb/v7e-m+fp/hard\libc_nano.a(lib_a-memset.o)
                0x00000000080060cc                memset
 *(.glue_7)
 .glue_7        0x00000000080060dc        0x0 linker stubs
 *(.glue_7t)
 .glue_7t       0x00000000080060dc        0x0 linker stubs
 *(.eh_frame)
 .eh_frame      0x00000000080060dc        0x0 d:/st/stm32cubeide_1.6.1/stm32cubeide/plugins/com.st.stm32cube.ide.mcu.externaltools.gnu-tools-for-stm32.9-2020-q2-update.win32_2.0.0.202105311346/tools/bin/../lib/gcc/arm-none-eabi/9.3.1/thumb/v7e-m+fp/hard/crtbegin.o
 *(.init)
 .init          0x00000000080060dc        0x4 d:/st/stm32cubeide_1.6.1/stm32cubeide/plugins/com.st.stm32cube.ide.mcu.externaltools.gnu-tools-for-stm32.9-2020-q2-update.win32_2.0.0.202105311346/tools/bin/../lib/gcc/arm-none-eabi/9.3.1/thumb/v7e-m+fp/hard/crti.o
                0x00000000080060dc                _init
 .init          0x00000000080060e0        0x8 d:/st/stm32cubeide_1.6.1/stm32cubeide/plugins/com.st.stm32cube.ide.mcu.externaltools.gnu-tools-for-stm32.9-2020-q2-update.win32_2.0.0.202105311346/tools/bin/../lib/gcc/arm-none-eabi/9.3.1/thumb/v7e-m+fp/hard/crtn.o
 *(.fini)
 .fini          0x00000000080060e8        0x4 d:/st/stm32cubeide_1.6.1/stm32cubeide/plugins/com.st.stm32cube.ide.mcu.externaltools.gnu-tools-for-stm32.9-2020-q2-update.win32_2.0.0.202105311346/tools/bin/../lib/gcc/arm-none-eabi/9.3.1/thumb/v7e-m+fp/hard/crti.o
                0x00000000080060e8                _fini
 .fini          0x00000000080060ec        0x8 d:/st/stm32cubeide_1.6.1/stm32cubeide/plugins/com.st.stm32cube.ide.mcu.externaltools.gnu-tools-for-stm32.9-2020-q2-update.win32_2.0.0.202105311346/tools/bin/../lib/gcc/arm-none-eabi/9.3.1/thumb/v7e-m+fp/hard/crtn.o
                0x00000000080060f4                . = ALIGN (0x4)
                0x00000000080060f4                _etext = .

.vfp11_veneer   0x00000000080060f4        0x0
 .vfp11_veneer  0x00000000080060f4        0x0 linker stubs

.v4_bx          0x00000000080060f4        0x0
 .v4_bx         0x00000000080060f4        0x0 linker stubs

.iplt           0x00000000080060f4        0x0
 .iplt          0x00000000080060f4        0x0 d:/st/stm32cubeide_1.6.1/stm32cubeide/plugins/com.st.stm32cube.ide.mcu.externaltools.gnu-tools-for-stm32.9-2020-q2-update.win32_2.0.0.202105311346/tools/bin/../lib/gcc/arm-none-eabi/9.3.1/thumb/v7e-m+fp/hard/crtbegin.o

.rodata         0x00000000080060f4       0x20
                0x00000000080060f4                . = ALIGN (0x4)
 *(.rodata)
 *(.rodata*)
 .rodata.AHBPrescTable
                0x00000000080060f4       0x10 ./Core/Src/system_stm32f4xx.o
                0x00000000080060f4                AHBPrescTable
 .rodata.APBPrescTable
                0x0000000008006104        0x8 ./Core/Src/system_stm32f4xx.o
                0x0000000008006104                APBPrescTable
 .rodata.flagBitshiftOffset.7822
                0x000000000800610c        0x8 ./Drivers/STM32F4xx_HAL_Driver/Src/stm32f4xx_hal_dma.o
                0x0000000008006114                . = ALIGN (0x4)

.ARM.extab      0x0000000008006114        0x0
                0x0000000008006114                . = ALIGN (0x4)
 *(.ARM.extab* .gnu.linkonce.armextab.*)
                0x0000000008006114                . = ALIGN (0x4)

.ARM            0x0000000008006114        0x8
                0x0000000008006114                . = ALIGN (0x4)
                0x0000000008006114                __exidx_start = .
 *(.ARM.exidx*)
 .ARM.exidx     0x0000000008006114        0x8 d:/st/stm32cubeide_1.6.1/stm32cubeide/plugins/com.st.stm32cube.ide.mcu.externaltools.gnu-tools-for-stm32.9-2020-q2-update.win32_2.0.0.202105311346/tools/bin/../lib/gcc/arm-none-eabi/9.3.1/thumb/v7e-m+fp/hard\libgcc.a(_udivmoddi4.o)
                0x000000000800611c                __exidx_end = .
                0x000000000800611c                . = ALIGN (0x4)

.rel.dyn        0x000000000800611c        0x0
 .rel.iplt      0x000000000800611c        0x0 d:/st/stm32cubeide_1.6.1/stm32cubeide/plugins/com.st.stm32cube.ide.mcu.externaltools.gnu-tools-for-stm32.9-2020-q2-update.win32_2.0.0.202105311346/tools/bin/../lib/gcc/arm-none-eabi/9.3.1/thumb/v7e-m+fp/hard/crtbegin.o

.preinit_array  0x000000000800611c        0x0
                0x000000000800611c                . = ALIGN (0x4)
                0x000000000800611c                PROVIDE (__preinit_array_start = .)
 *(.preinit_array*)
                0x000000000800611c                PROVIDE (__preinit_array_end = .)
                0x000000000800611c                . = ALIGN (0x4)

.init_array     0x000000000800611c        0x4
                0x000000000800611c                . = ALIGN (0x4)
                0x000000000800611c                PROVIDE (__init_array_start = .)
 *(SORT_BY_NAME(.init_array.*))
 *(.init_array*)
 .init_array    0x000000000800611c        0x4 d:/st/stm32cubeide_1.6.1/stm32cubeide/plugins/com.st.stm32cube.ide.mcu.externaltools.gnu-tools-for-stm32.9-2020-q2-update.win32_2.0.0.202105311346/tools/bin/../lib/gcc/arm-none-eabi/9.3.1/thumb/v7e-m+fp/hard/crtbegin.o
                0x0000000008006120                PROVIDE (__init_array_end = .)
                0x0000000008006120                . = ALIGN (0x4)

.fini_array     0x0000000008006120        0x4
                0x0000000008006120                . = ALIGN (0x4)
                [!provide]                        PROVIDE (__fini_array_start = .)
 *(SORT_BY_NAME(.fini_array.*))
 *(.fini_array*)
 .fini_array    0x0000000008006120        0x4 d:/st/stm32cubeide_1.6.1/stm32cubeide/plugins/com.st.stm32cube.ide.mcu.externaltools.gnu-tools-for-stm32.9-2020-q2-update.win32_2.0.0.202105311346/tools/bin/../lib/gcc/arm-none-eabi/9.3.1/thumb/v7e-m+fp/hard/crtbegin.o
                [!provide]                        PROVIDE (__fini_array_end = .)
                0x0000000008006124                . = ALIGN (0x4)
                0x0000000008006124                _sidata = LOADADDR (.data)

.data           0x0000000020000000        0xc load address 0x0000000008006124
                0x0000000020000000                . = ALIGN (0x4)
                0x0000000020000000                _sdata = .
 *(.data)
 *(.data*)
 .data.SystemCoreClock
                0x0000000020000000        0x4 ./Core/Src/system_stm32f4xx.o
                0x0000000020000000                SystemCoreClock
 .data.uwTickPrio
                0x0000000020000004        0x4 ./Drivers/STM32F4xx_HAL_Driver/Src/stm32f4xx_hal.o
                0x0000000020000004                uwTickPrio
 .data.uwTickFreq
                0x0000000020000008        0x1 ./Drivers/STM32F4xx_HAL_Driver/Src/stm32f4xx_hal.o
                0x0000000020000008                uwTickFreq
 *(.RamFunc)
 *(.RamFunc*)
                0x000000002000000c                . = ALIGN (0x4)
 *fill*         0x0000000020000009        0x3 
                0x000000002000000c                _edata = .

.igot.plt       0x000000002000000c        0x0 load address 0x0000000008006130
 .igot.plt      0x000000002000000c        0x0 d:/st/stm32cubeide_1.6.1/stm32cubeide/plugins/com.st.stm32cube.ide.mcu.externaltools.gnu-tools-for-stm32.9-2020-q2-update.win32_2.0.0.202105311346/tools/bin/../lib/gcc/arm-none-eabi/9.3.1/thumb/v7e-m+fp/hard/crtbegin.o
                0x000000002000000c                . = ALIGN (0x4)

.bss            0x000000002000000c      0x818 load address 0x0000000008006130
                0x000000002000000c                _sbss = .
                0x000000002000000c                __bss_start__ = _sbss
 *(.bss)
 .bss           0x000000002000000c       0x1c d:/st/stm32cubeide_1.6.1/stm32cubeide/plugins/com.st.stm32cube.ide.mcu.externaltools.gnu-tools-for-stm32.9-2020-q2-update.win32_2.0.0.202105311346/tools/bin/../lib/gcc/arm-none-eabi/9.3.1/thumb/v7e-m+fp/hard/crtbegin.o
 *(.bss*)
 .bss.getRaspiCMD
                0x0000000020000028        0x1 ./Core/Src/main.o
                0x0000000020000028                getRaspiCMD
 *fill*         0x0000000020000029        0x3 
 .bss.raspiRecErr
                0x000000002000002c        0x4 ./Core/Src/main.o
                0x000000002000002c                raspiRecErr
 .bss.setFinish
                0x0000000020000030        0x4 ./Core/Src/main.o
                0x0000000020000030                setFinish
 .bss.readFinish
                0x0000000020000034        0x4 ./Core/Src/main.o
                0x0000000020000034                readFinish
 .bss.LEDcountV2
                0x0000000020000038        0x4 ./Core/Src/main.o
                0x0000000020000038                LEDcountV2
 *(COMMON)
 COMMON         0x000000002000003c      0x7e1 ./Core/Src/main.o
                0x000000002000003c                servoIDarray
                0x0000000020000048                servoAngleSetCmdL4
                0x0000000020000054                raspiSetFlag
                0x0000000020000058                hdma_uart4_rx
                0x00000000200000b8                readSendFlag
                0x00000000200000bc                hdma_usart2_rx
                0x000000002000011c                imuAskData
                0x0000000020000124                hdma_usart3_rx
                0x0000000020000184                huart3
                0x00000000200001c8                servoAngleRead
                0x00000000200001e0                omegaData
                0x00000000200001e8                lineFlag
                0x00000000200001ec                servoAngleSetCmdL2
                0x00000000200001f8                rpyData
                0x0000000020000200                hdma_usart3_tx
                0x0000000020000260                raspiReadFlag
                0x0000000020000264                readRecFlag
                0x0000000020000268                servoAngleRecCmdL2
                0x0000000020000270                servoAngleAskCmdL1
                0x0000000020000278                servoAngleSetCmdL3
                0x0000000020000284                setSendFlag
                0x0000000020000290                spiRTFlag
                0x0000000020000294                spiRecData
                0x00000000200002d0                hdma_usart1_tx
                0x0000000020000330                huart5
                0x0000000020000374                hdma_usart1_rx
                0x00000000200003d4                hdma_usart2_tx
                0x0000000020000434                servoAngleAskCmdL3
                0x000000002000043c                servoAngleRecCmdL1
                0x0000000020000444                huart1
                0x0000000020000488                imuRecData
                0x00000000200004ac                servoAngleSet
                0x00000000200004c4                servoAngleAskCmdL2
                0x00000000200004cc                servoAngleRecCmdL4
                0x00000000200004d4                servoAngleRecCmdL3
                0x00000000200004dc                huart4
                0x0000000020000520                hspi1
                0x0000000020000578                uartRxFlag
                0x0000000020000580                spiSendData
                0x00000000200005bc                servoAngleAskCmdL4
                0x00000000200005c4                huart2
                0x0000000020000608                hdma_uart5_rx
                0x0000000020000668                hdma_spi1_rx
                0x00000000200006c8                lineIdx
                0x00000000200006cc                IMU_data
                0x00000000200006e0                hdma_spi1_tx
                0x0000000020000740                accData
                0x0000000020000748                uartTxFlag
                0x0000000020000750                hdma_uart4_tx
                0x00000000200007b0                hdma_uart5_tx
                0x0000000020000810                servoAngleSetCmdL1
                0x000000002000081c                servoNum
 *fill*         0x000000002000081d        0x3 
 COMMON         0x0000000020000820        0x4 ./Drivers/STM32F4xx_HAL_Driver/Src/stm32f4xx_hal.o
                0x0000000020000820                uwTick
                0x0000000020000824                . = ALIGN (0x4)
                0x0000000020000824                _ebss = .
                0x0000000020000824                __bss_end__ = _ebss

._user_heap_stack
                0x0000000020000824      0x604 load address 0x0000000008006130
                0x0000000020000828                . = ALIGN (0x8)
 *fill*         0x0000000020000824        0x4 
                [!provide]                        PROVIDE (end = .)
                0x0000000020000828                PROVIDE (_end = .)
                0x0000000020000a28                . = (. + _Min_Heap_Size)
 *fill*         0x0000000020000828      0x200 
                0x0000000020000e28                . = (. + _Min_Stack_Size)
 *fill*         0x0000000020000a28      0x400 
                0x0000000020000e28                . = ALIGN (0x8)

/DISCARD/
 libc.a(*)
 libm.a(*)
 libgcc.a(*)

.ARM.attributes
                0x0000000000000000       0x30
 *(.ARM.attributes)
 .ARM.attributes
                0x0000000000000000       0x1e d:/st/stm32cubeide_1.6.1/stm32cubeide/plugins/com.st.stm32cube.ide.mcu.externaltools.gnu-tools-for-stm32.9-2020-q2-update.win32_2.0.0.202105311346/tools/bin/../lib/gcc/arm-none-eabi/9.3.1/thumb/v7e-m+fp/hard/crti.o
 .ARM.attributes
                0x000000000000001e       0x34 d:/st/stm32cubeide_1.6.1/stm32cubeide/plugins/com.st.stm32cube.ide.mcu.externaltools.gnu-tools-for-stm32.9-2020-q2-update.win32_2.0.0.202105311346/tools/bin/../lib/gcc/arm-none-eabi/9.3.1/thumb/v7e-m+fp/hard/crtbegin.o
 .ARM.attributes
                0x0000000000000052       0x34 ./COM_interpreter/Src/JY901_Interpreter.o
 .ARM.attributes
                0x0000000000000086       0x34 ./COM_interpreter/Src/Servo_Interpreter.o
 .ARM.attributes
                0x00000000000000ba       0x34 ./COM_interpreter/Src/raspi_Interpreter.o
 .ARM.attributes
                0x00000000000000ee       0x34 ./Core/Src/main.o
 .ARM.attributes
                0x0000000000000122       0x34 ./Core/Src/stm32f4xx_hal_msp.o
 .ARM.attributes
                0x0000000000000156       0x34 ./Core/Src/stm32f4xx_it.o
 .ARM.attributes
                0x000000000000018a       0x34 ./Core/Src/system_stm32f4xx.o
 .ARM.attributes
                0x00000000000001be       0x21 ./Core/Startup/startup_stm32f405rgtx.o
 .ARM.attributes
                0x00000000000001df       0x34 ./Drivers/STM32F4xx_HAL_Driver/Src/stm32f4xx_hal.o
 .ARM.attributes
                0x0000000000000213       0x34 ./Drivers/STM32F4xx_HAL_Driver/Src/stm32f4xx_hal_cortex.o
 .ARM.attributes
                0x0000000000000247       0x34 ./Drivers/STM32F4xx_HAL_Driver/Src/stm32f4xx_hal_dma.o
 .ARM.attributes
                0x000000000000027b       0x34 ./Drivers/STM32F4xx_HAL_Driver/Src/stm32f4xx_hal_gpio.o
 .ARM.attributes
                0x00000000000002af       0x34 ./Drivers/STM32F4xx_HAL_Driver/Src/stm32f4xx_hal_rcc.o
 .ARM.attributes
                0x00000000000002e3       0x34 ./Drivers/STM32F4xx_HAL_Driver/Src/stm32f4xx_hal_spi.o
 .ARM.attributes
                0x0000000000000317       0x34 ./Drivers/STM32F4xx_HAL_Driver/Src/stm32f4xx_hal_uart.o
 .ARM.attributes
                0x000000000000034b       0x34 d:/st/stm32cubeide_1.6.1/stm32cubeide/plugins/com.st.stm32cube.ide.mcu.externaltools.gnu-tools-for-stm32.9-2020-q2-update.win32_2.0.0.202105311346/tools/bin/../lib/gcc/arm-none-eabi/9.3.1/../../../../arm-none-eabi/lib/thumb/v7e-m+fp/hard\libc_nano.a(lib_a-init.o)
 .ARM.attributes
                0x000000000000037f       0x34 d:/st/stm32cubeide_1.6.1/stm32cubeide/plugins/com.st.stm32cube.ide.mcu.externaltools.gnu-tools-for-stm32.9-2020-q2-update.win32_2.0.0.202105311346/tools/bin/../lib/gcc/arm-none-eabi/9.3.1/../../../../arm-none-eabi/lib/thumb/v7e-m+fp/hard\libc_nano.a(lib_a-memset.o)
 .ARM.attributes
                0x00000000000003b3       0x1e d:/st/stm32cubeide_1.6.1/stm32cubeide/plugins/com.st.stm32cube.ide.mcu.externaltools.gnu-tools-for-stm32.9-2020-q2-update.win32_2.0.0.202105311346/tools/bin/../lib/gcc/arm-none-eabi/9.3.1/thumb/v7e-m+fp/hard\libgcc.a(_arm_addsubdf3.o)
 .ARM.attributes
                0x00000000000003d1       0x1e d:/st/stm32cubeide_1.6.1/stm32cubeide/plugins/com.st.stm32cube.ide.mcu.externaltools.gnu-tools-for-stm32.9-2020-q2-update.win32_2.0.0.202105311346/tools/bin/../lib/gcc/arm-none-eabi/9.3.1/thumb/v7e-m+fp/hard\libgcc.a(_arm_muldivdf3.o)
 .ARM.attributes
                0x00000000000003ef       0x1e d:/st/stm32cubeide_1.6.1/stm32cubeide/plugins/com.st.stm32cube.ide.mcu.externaltools.gnu-tools-for-stm32.9-2020-q2-update.win32_2.0.0.202105311346/tools/bin/../lib/gcc/arm-none-eabi/9.3.1/thumb/v7e-m+fp/hard\libgcc.a(_arm_fixdfsi.o)
 .ARM.attributes
                0x000000000000040d       0x1e d:/st/stm32cubeide_1.6.1/stm32cubeide/plugins/com.st.stm32cube.ide.mcu.externaltools.gnu-tools-for-stm32.9-2020-q2-update.win32_2.0.0.202105311346/tools/bin/../lib/gcc/arm-none-eabi/9.3.1/thumb/v7e-m+fp/hard\libgcc.a(_aeabi_uldivmod.o)
 .ARM.attributes
                0x000000000000042b       0x34 d:/st/stm32cubeide_1.6.1/stm32cubeide/plugins/com.st.stm32cube.ide.mcu.externaltools.gnu-tools-for-stm32.9-2020-q2-update.win32_2.0.0.202105311346/tools/bin/../lib/gcc/arm-none-eabi/9.3.1/thumb/v7e-m+fp/hard\libgcc.a(_udivmoddi4.o)
 .ARM.attributes
                0x000000000000045f       0x1e d:/st/stm32cubeide_1.6.1/stm32cubeide/plugins/com.st.stm32cube.ide.mcu.externaltools.gnu-tools-for-stm32.9-2020-q2-update.win32_2.0.0.202105311346/tools/bin/../lib/gcc/arm-none-eabi/9.3.1/thumb/v7e-m+fp/hard\libgcc.a(_dvmd_tls.o)
 .ARM.attributes
                0x000000000000047d       0x1e d:/st/stm32cubeide_1.6.1/stm32cubeide/plugins/com.st.stm32cube.ide.mcu.externaltools.gnu-tools-for-stm32.9-2020-q2-update.win32_2.0.0.202105311346/tools/bin/../lib/gcc/arm-none-eabi/9.3.1/thumb/v7e-m+fp/hard/crtn.o
OUTPUT(FourLineSerial.elf elf32-littlearm)
LOAD linker stubs
LOAD d:/st/stm32cubeide_1.6.1/stm32cubeide/plugins/com.st.stm32cube.ide.mcu.externaltools.gnu-tools-for-stm32.9-2020-q2-update.win32_2.0.0.202105311346/tools/bin/../lib/gcc/arm-none-eabi/9.3.1/../../../../arm-none-eabi/lib/thumb/v7e-m+fp/hard\libc.a
LOAD d:/st/stm32cubeide_1.6.1/stm32cubeide/plugins/com.st.stm32cube.ide.mcu.externaltools.gnu-tools-for-stm32.9-2020-q2-update.win32_2.0.0.202105311346/tools/bin/../lib/gcc/arm-none-eabi/9.3.1/../../../../arm-none-eabi/lib/thumb/v7e-m+fp/hard\libm.a
LOAD d:/st/stm32cubeide_1.6.1/stm32cubeide/plugins/com.st.stm32cube.ide.mcu.externaltools.gnu-tools-for-stm32.9-2020-q2-update.win32_2.0.0.202105311346/tools/bin/../lib/gcc/arm-none-eabi/9.3.1/thumb/v7e-m+fp/hard\libgcc.a

.comment        0x0000000000000000       0x53
 .comment       0x0000000000000000       0x53 ./COM_interpreter/Src/JY901_Interpreter.o
                                         0x54 (size before relaxing)
 .comment       0x0000000000000053       0x54 ./COM_interpreter/Src/Servo_Interpreter.o
 .comment       0x0000000000000053       0x54 ./COM_interpreter/Src/raspi_Interpreter.o
 .comment       0x0000000000000053       0x54 ./Core/Src/main.o
 .comment       0x0000000000000053       0x54 ./Core/Src/stm32f4xx_hal_msp.o
 .comment       0x0000000000000053       0x54 ./Core/Src/stm32f4xx_it.o
 .comment       0x0000000000000053       0x54 ./Core/Src/system_stm32f4xx.o
 .comment       0x0000000000000053       0x54 ./Drivers/STM32F4xx_HAL_Driver/Src/stm32f4xx_hal.o
 .comment       0x0000000000000053       0x54 ./Drivers/STM32F4xx_HAL_Driver/Src/stm32f4xx_hal_cortex.o
 .comment       0x0000000000000053       0x54 ./Drivers/STM32F4xx_HAL_Driver/Src/stm32f4xx_hal_dma.o
 .comment       0x0000000000000053       0x54 ./Drivers/STM32F4xx_HAL_Driver/Src/stm32f4xx_hal_gpio.o
 .comment       0x0000000000000053       0x54 ./Drivers/STM32F4xx_HAL_Driver/Src/stm32f4xx_hal_rcc.o
 .comment       0x0000000000000053       0x54 ./Drivers/STM32F4xx_HAL_Driver/Src/stm32f4xx_hal_spi.o
 .comment       0x0000000000000053       0x54 ./Drivers/STM32F4xx_HAL_Driver/Src/stm32f4xx_hal_uart.o

.debug_frame    0x0000000000000000      0x1cc
 .debug_frame   0x0000000000000000       0x2c d:/st/stm32cubeide_1.6.1/stm32cubeide/plugins/com.st.stm32cube.ide.mcu.externaltools.gnu-tools-for-stm32.9-2020-q2-update.win32_2.0.0.202105311346/tools/bin/../lib/gcc/arm-none-eabi/9.3.1/../../../../arm-none-eabi/lib/thumb/v7e-m+fp/hard\libc_nano.a(lib_a-init.o)
 .debug_frame   0x000000000000002c       0x20 d:/st/stm32cubeide_1.6.1/stm32cubeide/plugins/com.st.stm32cube.ide.mcu.externaltools.gnu-tools-for-stm32.9-2020-q2-update.win32_2.0.0.202105311346/tools/bin/../lib/gcc/arm-none-eabi/9.3.1/../../../../arm-none-eabi/lib/thumb/v7e-m+fp/hard\libc_nano.a(lib_a-memset.o)
 .debug_frame   0x000000000000004c       0xac d:/st/stm32cubeide_1.6.1/stm32cubeide/plugins/com.st.stm32cube.ide.mcu.externaltools.gnu-tools-for-stm32.9-2020-q2-update.win32_2.0.0.202105311346/tools/bin/../lib/gcc/arm-none-eabi/9.3.1/thumb/v7e-m+fp/hard\libgcc.a(_arm_addsubdf3.o)
 .debug_frame   0x00000000000000f8       0x50 d:/st/stm32cubeide_1.6.1/stm32cubeide/plugins/com.st.stm32cube.ide.mcu.externaltools.gnu-tools-for-stm32.9-2020-q2-update.win32_2.0.0.202105311346/tools/bin/../lib/gcc/arm-none-eabi/9.3.1/thumb/v7e-m+fp/hard\libgcc.a(_arm_muldivdf3.o)
 .debug_frame   0x0000000000000148       0x24 d:/st/stm32cubeide_1.6.1/stm32cubeide/plugins/com.st.stm32cube.ide.mcu.externaltools.gnu-tools-for-stm32.9-2020-q2-update.win32_2.0.0.202105311346/tools/bin/../lib/gcc/arm-none-eabi/9.3.1/thumb/v7e-m+fp/hard\libgcc.a(_arm_fixdfsi.o)
 .debug_frame   0x000000000000016c       0x2c d:/st/stm32cubeide_1.6.1/stm32cubeide/plugins/com.st.stm32cube.ide.mcu.externaltools.gnu-tools-for-stm32.9-2020-q2-update.win32_2.0.0.202105311346/tools/bin/../lib/gcc/arm-none-eabi/9.3.1/thumb/v7e-m+fp/hard\libgcc.a(_aeabi_uldivmod.o)
 .debug_frame   0x0000000000000198       0x34 d:/st/stm32cubeide_1.6.1/stm32cubeide/plugins/com.st.stm32cube.ide.mcu.externaltools.gnu-tools-for-stm32.9-2020-q2-update.win32_2.0.0.202105311346/tools/bin/../lib/gcc/arm-none-eabi/9.3.1/thumb/v7e-m+fp/hard\libgcc.a(_udivmoddi4.o)
